Copyright 1986-2022 Xilinx, Inc. All Rights Reserved. Copyright 2022-2026 Advanced Micro Devices, Inc. All Rights Reserved.
---------------------------------------------------------------------------------------------------------------------------------------------------------------------------------------------------------------------------------------------------------
| Tool Version : Vivado v.2026.1 (win64) Build 6511674 Tue Jun 16 11:02:23 MDT 2026
| Date         : Tue Sep 29 01:28:29 2026
| Host         : PC1-2D running 64-bit major release  (build 9200)
| Command      : report_timing_summary -max_paths 10 -routable_nets -report_unconstrained -file reio_nvm_filter_timing_summary_routed.rpt -pb reio_nvm_filter_timing_summary_routed.pb -rpx reio_nvm_filter_timing_summary_routed.rpx -warn_on_violation
| Design       : reio_nvm_filter
| Device       : xa7a35t-csg324
| Speed File   : -1Q  PRODUCTION 1.16 2018-06-13
| Design State : Routed
---------------------------------------------------------------------------------------------------------------------------------------------------------------------------------------------------------------------------------------------------------

Timing Summary Report

------------------------------------------------------------------------------------------------
| Timer Settings
| --------------
------------------------------------------------------------------------------------------------

  Enable Multi Corner Analysis               :  Yes
  Enable Pessimism Removal                   :  Yes
  Pessimism Removal Resolution               :  Nearest Common Node
  Enable Input Delay Default Clock           :  No
  Enable Preset / Clear Arcs                 :  No
  Disable Flight Delays                      :  No
  Ignore I/O Paths                           :  No
  Timing Early Launch at Borrowing Latches   :  No
  Borrow Time for Max Delay Exceptions       :  Yes
  Merge Timing Exceptions                    :  Yes
  Inter-SLR Compensation                     :  Conservative

  Corner  Analyze    Analyze    
  Name    Max Paths  Min Paths  
  ------  ---------  ---------  
  Slow    Yes        Yes        
  Fast    Yes        Yes        


------------------------------------------------------------------------------------------------
| Report Methodology
| ------------------
------------------------------------------------------------------------------------------------

Rule       Severity          Description                  Violations  
---------  ----------------  ---------------------------  ----------  
TIMING-17  Critical Warning  Non-clocked sequential cell  33          

Note: This report is based on the most recent report_methodology run and may not be up-to-date. Run report_methodology on the current design for the latest report.



check_timing report

Table of Contents
-----------------
1. checking no_clock (33)
2. checking constant_clock (0)
3. checking pulse_width_clock (0)
4. checking unconstrained_internal_endpoints (99)
5. checking no_input_delay (50)
6. checking no_output_delay (33)
7. checking multiple_clock (0)
8. checking generated_clocks (0)
9. checking loops (0)
10. checking partial_input_delay (0)
11. checking partial_output_delay (0)
12. checking latch_loops (0)

1. checking no_clock (33)
-------------------------
 There are 33 register/latch pins with no clock driven by root clock pin: CLK (HIGH)


2. checking constant_clock (0)
------------------------------
 There are 0 register/latch pins with constant_clock.


3. checking pulse_width_clock (0)
---------------------------------
 There are 0 register/latch pins which need pulse_width check


4. checking unconstrained_internal_endpoints (99)
-------------------------------------------------
 There are 99 pins that are not constrained for maximum delay. (HIGH)

 There are 0 pins that are not constrained for maximum delay due to constant clock.


5. checking no_input_delay (50)
-------------------------------
 There are 50 input ports with no input delay specified. (HIGH)

 There are 0 input ports with no input delay but user has a false path constraint.


6. checking no_output_delay (33)
--------------------------------
 There are 33 ports with no output delay specified. (HIGH)

 There are 0 ports with no output delay but user has a false path constraint

 There are 0 ports with no output delay but with a timing clock defined on it or propagating through it


7. checking multiple_clock (0)
------------------------------
 There are 0 register/latch pins with multiple clocks.


8. checking generated_clocks (0)
--------------------------------
 There are 0 generated clocks that are not connected to a clock source.


9. checking loops (0)
---------------------
 There are 0 combinational loops in the design.


10. checking partial_input_delay (0)
------------------------------------
 There are 0 input ports with partial input delay specified.


11. checking partial_output_delay (0)
-------------------------------------
 There are 0 ports with partial output delay specified.


12. checking latch_loops (0)
----------------------------
 There are 0 combinational latch loops in the design through latch input



------------------------------------------------------------------------------------------------
| Design Timing Summary
| ---------------------
------------------------------------------------------------------------------------------------

    WNS(ns)      TNS(ns)  TNS Failing Endpoints  TNS Total Endpoints      WHS(ns)      THS(ns)  THS Failing Endpoints  THS Total Endpoints     WPWS(ns)     TPWS(ns)  TPWS Failing Endpoints  TPWS Total Endpoints  
    -------      -------  ---------------------  -------------------      -------      -------  ---------------------  -------------------     --------     --------  ----------------------  --------------------  
        inf        0.000                      0                  132          inf        0.000                      0                  132           NA           NA                      NA                    NA  


There are no user specified timing constraints.


------------------------------------------------------------------------------------------------
| Clock Summary
| -------------
------------------------------------------------------------------------------------------------


------------------------------------------------------------------------------------------------
| Intra Clock Table
| -----------------
------------------------------------------------------------------------------------------------

Clock             WNS(ns)      TNS(ns)  TNS Failing Endpoints  TNS Total Endpoints      WHS(ns)      THS(ns)  THS Failing Endpoints  THS Total Endpoints     WPWS(ns)     TPWS(ns)  TPWS Failing Endpoints  TPWS Total Endpoints  
-----             -------      -------  ---------------------  -------------------      -------      -------  ---------------------  -------------------     --------     --------  ----------------------  --------------------  


------------------------------------------------------------------------------------------------
| Inter Clock Table
| -----------------
------------------------------------------------------------------------------------------------

From Clock    To Clock          WNS(ns)      TNS(ns)  TNS Failing Endpoints  TNS Total Endpoints      WHS(ns)      THS(ns)  THS Failing Endpoints  THS Total Endpoints  
----------    --------          -------      -------  ---------------------  -------------------      -------      -------  ---------------------  -------------------  


------------------------------------------------------------------------------------------------
| Other Path Groups Table
| -----------------------
------------------------------------------------------------------------------------------------

Path Group    From Clock    To Clock          WNS(ns)      TNS(ns)  TNS Failing Endpoints  TNS Total Endpoints      WHS(ns)      THS(ns)  THS Failing Endpoints  THS Total Endpoints  
----------    ----------    --------          -------      -------  ---------------------  -------------------      -------      -------  ---------------------  -------------------  


------------------------------------------------------------------------------------------------
| User Ignored Path Table
| -----------------------
------------------------------------------------------------------------------------------------

Path Group    From Clock    To Clock    
----------    ----------    --------    


------------------------------------------------------------------------------------------------
| Unconstrained Path Table
| ------------------------
------------------------------------------------------------------------------------------------

Path Group    From Clock    To Clock    
----------    ----------    --------    
(none)                                    


------------------------------------------------------------------------------------------------
| Timing Details
| --------------
------------------------------------------------------------------------------------------------


--------------------------------------------------------------------------------------
Path Group:  (none)
From Clock:  
  To Clock:  

Max Delay           132 Endpoints
Min Delay           132 Endpoints
--------------------------------------------------------------------------------------


Max Delay Paths
--------------------------------------------------------------------------------------
Slack:                    inf
  Source:                 NVM_WDATA[24]
                            (input port)
  Destination:            r_fault_detected_reg/CE
  Path Group:             (none)
  Path Type:              Max at Slow Process Corner
  Data Path Delay:        7.356ns  (logic 1.414ns (19.219%)  route 5.942ns (80.781%))
  Logic Levels:           4  (IBUF=1 LUT4=1 LUT5=1 LUT6=1)

    Location             Delay type                Incr(ns)  Path(ns)    Netlist Resource(s)
  -------------------------------------------------------------------    -------------------
    H16                                               0.000     0.000 r  NVM_WDATA[24]
                         net (fo=0)                   0.000     0.000    NVM_WDATA[24]
    H16                  IBUF (Prop_ibuf_I_O)         1.042     1.042 r  NVM_WDATA_IBUF[24]_inst/O
                         net (fo=2, routed)           2.256     3.298    NVM_WDATA_IBUF[24]
    SLICE_X0Y49          LUT4 (Prop_lut4_I2_O)        0.124     3.422 f  r_wdata_latched[31]_i_12/O
                         net (fo=1, routed)           0.444     3.866    r_wdata_latched[31]_i_12_n_0
    SLICE_X0Y49          LUT5 (Prop_lut5_I4_O)        0.124     3.990 f  r_wdata_latched[31]_i_5/O
                         net (fo=33, routed)          1.576     5.566    r_wdata_latched[31]_i_5_n_0
    SLICE_X0Y43          LUT6 (Prop_lut6_I3_O)        0.124     5.690 r  r_fault_detected_i_1/O
                         net (fo=1, routed)           1.665     7.356    r_fault_detected
    SLICE_X0Y11          FDCE                                         r  r_fault_detected_reg/CE
  -------------------------------------------------------------------    -------------------

Slack:                    inf
  Source:                 NVM_ADDR[7]
                            (input port)
  Destination:            r_wdata_latched_reg[27]/D
  Path Group:             (none)
  Path Type:              Max at Slow Process Corner
  Data Path Delay:        6.605ns  (logic 1.428ns (21.617%)  route 5.178ns (78.383%))
  Logic Levels:           4  (IBUF=1 LUT4=2 LUT6=1)

    Location             Delay type                Incr(ns)  Path(ns)    Netlist Resource(s)
  -------------------------------------------------------------------    -------------------
    V11                                               0.000     0.000 r  NVM_ADDR[7]
                         net (fo=0)                   0.000     0.000    NVM_ADDR[7]
    V11                  IBUF (Prop_ibuf_I_O)         1.056     1.056 r  NVM_ADDR_IBUF[7]_inst/O
                         net (fo=2, routed)           1.578     2.634    NVM_ADDR_IBUF[7]
    SLICE_X0Y11          LUT4 (Prop_lut4_I1_O)        0.124     2.758 r  r_wdata_latched[31]_i_10/O
                         net (fo=1, routed)           0.801     3.559    r_wdata_latched[31]_i_10_n_0
    SLICE_X0Y12          LUT4 (Prop_lut4_I3_O)        0.124     3.683 f  r_wdata_latched[31]_i_3/O
                         net (fo=33, routed)          2.798     6.481    r_fault_detected1
    SLICE_X0Y48          LUT6 (Prop_lut6_I1_O)        0.124     6.605 r  r_wdata_latched[27]_i_1/O
                         net (fo=1, routed)           0.000     6.605    p_0_in[27]
    SLICE_X0Y48          FDCE                                         r  r_wdata_latched_reg[27]/D
  -------------------------------------------------------------------    -------------------

Slack:                    inf
  Source:                 NVM_ADDR[7]
                            (input port)
  Destination:            r_wdata_latched_reg[10]/D
  Path Group:             (none)
  Path Type:              Max at Slow Process Corner
  Data Path Delay:        6.603ns  (logic 1.428ns (21.626%)  route 5.175ns (78.374%))
  Logic Levels:           4  (IBUF=1 LUT4=2 LUT6=1)

    Location             Delay type                Incr(ns)  Path(ns)    Netlist Resource(s)
  -------------------------------------------------------------------    -------------------
    V11                                               0.000     0.000 r  NVM_ADDR[7]
                         net (fo=0)                   0.000     0.000    NVM_ADDR[7]
    V11                  IBUF (Prop_ibuf_I_O)         1.056     1.056 r  NVM_ADDR_IBUF[7]_inst/O
                         net (fo=2, routed)           1.578     2.634    NVM_ADDR_IBUF[7]
    SLICE_X0Y11          LUT4 (Prop_lut4_I1_O)        0.124     2.758 r  r_wdata_latched[31]_i_10/O
                         net (fo=1, routed)           0.801     3.559    r_wdata_latched[31]_i_10_n_0
    SLICE_X0Y12          LUT4 (Prop_lut4_I3_O)        0.124     3.683 f  r_wdata_latched[31]_i_3/O
                         net (fo=33, routed)          2.796     6.479    r_fault_detected1
    SLICE_X1Y48          LUT6 (Prop_lut6_I1_O)        0.124     6.603 r  r_wdata_latched[10]_i_1/O
                         net (fo=1, routed)           0.000     6.603    p_0_in[10]
    SLICE_X1Y48          FDCE                                         r  r_wdata_latched_reg[10]/D
  -------------------------------------------------------------------    -------------------

Slack:                    inf
  Source:                 NVM_ADDR[7]
                            (input port)
  Destination:            r_wdata_latched_reg[25]/D
  Path Group:             (none)
  Path Type:              Max at Slow Process Corner
  Data Path Delay:        6.603ns  (logic 1.428ns (21.626%)  route 5.175ns (78.374%))
  Logic Levels:           4  (IBUF=1 LUT4=2 LUT6=1)

    Location             Delay type                Incr(ns)  Path(ns)    Netlist Resource(s)
  -------------------------------------------------------------------    -------------------
    V11                                               0.000     0.000 r  NVM_ADDR[7]
                         net (fo=0)                   0.000     0.000    NVM_ADDR[7]
    V11                  IBUF (Prop_ibuf_I_O)         1.056     1.056 r  NVM_ADDR_IBUF[7]_inst/O
                         net (fo=2, routed)           1.578     2.634    NVM_ADDR_IBUF[7]
    SLICE_X0Y11          LUT4 (Prop_lut4_I1_O)        0.124     2.758 r  r_wdata_latched[31]_i_10/O
                         net (fo=1, routed)           0.801     3.559    r_wdata_latched[31]_i_10_n_0
    SLICE_X0Y12          LUT4 (Prop_lut4_I3_O)        0.124     3.683 f  r_wdata_latched[31]_i_3/O
                         net (fo=33, routed)          2.796     6.479    r_fault_detected1
    SLICE_X0Y48          LUT6 (Prop_lut6_I1_O)        0.124     6.603 r  r_wdata_latched[25]_i_1/O
                         net (fo=1, routed)           0.000     6.603    p_0_in[25]
    SLICE_X0Y48          FDCE                                         r  r_wdata_latched_reg[25]/D
  -------------------------------------------------------------------    -------------------

Slack:                    inf
  Source:                 NVM_ADDR[7]
                            (input port)
  Destination:            r_wdata_latched_reg[24]/D
  Path Group:             (none)
  Path Type:              Max at Slow Process Corner
  Data Path Delay:        6.602ns  (logic 1.428ns (21.629%)  route 5.174ns (78.371%))
  Logic Levels:           4  (IBUF=1 LUT4=2 LUT6=1)

    Location             Delay type                Incr(ns)  Path(ns)    Netlist Resource(s)
  -------------------------------------------------------------------    -------------------
    V11                                               0.000     0.000 r  NVM_ADDR[7]
                         net (fo=0)                   0.000     0.000    NVM_ADDR[7]
    V11                  IBUF (Prop_ibuf_I_O)         1.056     1.056 r  NVM_ADDR_IBUF[7]_inst/O
                         net (fo=2, routed)           1.578     2.634    NVM_ADDR_IBUF[7]
    SLICE_X0Y11          LUT4 (Prop_lut4_I1_O)        0.124     2.758 r  r_wdata_latched[31]_i_10/O
                         net (fo=1, routed)           0.801     3.559    r_wdata_latched[31]_i_10_n_0
    SLICE_X0Y12          LUT4 (Prop_lut4_I3_O)        0.124     3.683 f  r_wdata_latched[31]_i_3/O
                         net (fo=33, routed)          2.795     6.478    r_fault_detected1
    SLICE_X1Y48          LUT6 (Prop_lut6_I1_O)        0.124     6.602 r  r_wdata_latched[24]_i_1/O
                         net (fo=1, routed)           0.000     6.602    p_0_in[24]
    SLICE_X1Y48          FDCE                                         r  r_wdata_latched_reg[24]/D
  -------------------------------------------------------------------    -------------------

Slack:                    inf
  Source:                 NVM_ADDR[7]
                            (input port)
  Destination:            r_wdata_latched_reg[30]/D
  Path Group:             (none)
  Path Type:              Max at Slow Process Corner
  Data Path Delay:        6.437ns  (logic 1.428ns (22.182%)  route 5.009ns (77.818%))
  Logic Levels:           4  (IBUF=1 LUT4=2 LUT6=1)

    Location             Delay type                Incr(ns)  Path(ns)    Netlist Resource(s)
  -------------------------------------------------------------------    -------------------
    V11                                               0.000     0.000 r  NVM_ADDR[7]
                         net (fo=0)                   0.000     0.000    NVM_ADDR[7]
    V11                  IBUF (Prop_ibuf_I_O)         1.056     1.056 r  NVM_ADDR_IBUF[7]_inst/O
                         net (fo=2, routed)           1.578     2.634    NVM_ADDR_IBUF[7]
    SLICE_X0Y11          LUT4 (Prop_lut4_I1_O)        0.124     2.758 r  r_wdata_latched[31]_i_10/O
                         net (fo=1, routed)           0.801     3.559    r_wdata_latched[31]_i_10_n_0
    SLICE_X0Y12          LUT4 (Prop_lut4_I3_O)        0.124     3.683 f  r_wdata_latched[31]_i_3/O
                         net (fo=33, routed)          2.630     6.313    r_fault_detected1
    SLICE_X0Y47          LUT6 (Prop_lut6_I1_O)        0.124     6.437 r  r_wdata_latched[30]_i_1/O
                         net (fo=1, routed)           0.000     6.437    p_0_in[30]
    SLICE_X0Y47          FDCE                                         r  r_wdata_latched_reg[30]/D
  -------------------------------------------------------------------    -------------------

Slack:                    inf
  Source:                 NVM_ADDR[7]
                            (input port)
  Destination:            r_wdata_latched_reg[29]/D
  Path Group:             (none)
  Path Type:              Max at Slow Process Corner
  Data Path Delay:        6.435ns  (logic 1.428ns (22.191%)  route 5.007ns (77.809%))
  Logic Levels:           4  (IBUF=1 LUT4=2 LUT6=1)

    Location             Delay type                Incr(ns)  Path(ns)    Netlist Resource(s)
  -------------------------------------------------------------------    -------------------
    V11                                               0.000     0.000 r  NVM_ADDR[7]
                         net (fo=0)                   0.000     0.000    NVM_ADDR[7]
    V11                  IBUF (Prop_ibuf_I_O)         1.056     1.056 r  NVM_ADDR_IBUF[7]_inst/O
                         net (fo=2, routed)           1.578     2.634    NVM_ADDR_IBUF[7]
    SLICE_X0Y11          LUT4 (Prop_lut4_I1_O)        0.124     2.758 r  r_wdata_latched[31]_i_10/O
                         net (fo=1, routed)           0.801     3.559    r_wdata_latched[31]_i_10_n_0
    SLICE_X0Y12          LUT4 (Prop_lut4_I3_O)        0.124     3.683 f  r_wdata_latched[31]_i_3/O
                         net (fo=33, routed)          2.628     6.311    r_fault_detected1
    SLICE_X0Y47          LUT6 (Prop_lut6_I1_O)        0.124     6.435 r  r_wdata_latched[29]_i_1/O
                         net (fo=1, routed)           0.000     6.435    p_0_in[29]
    SLICE_X0Y47          FDCE                                         r  r_wdata_latched_reg[29]/D
  -------------------------------------------------------------------    -------------------

Slack:                    inf
  Source:                 NVM_ADDR[7]
                            (input port)
  Destination:            r_wdata_latched_reg[0]/D
  Path Group:             (none)
  Path Type:              Max at Slow Process Corner
  Data Path Delay:        6.411ns  (logic 1.428ns (22.274%)  route 4.983ns (77.726%))
  Logic Levels:           4  (IBUF=1 LUT4=2 LUT6=1)

    Location             Delay type                Incr(ns)  Path(ns)    Netlist Resource(s)
  -------------------------------------------------------------------    -------------------
    V11                                               0.000     0.000 r  NVM_ADDR[7]
                         net (fo=0)                   0.000     0.000    NVM_ADDR[7]
    V11                  IBUF (Prop_ibuf_I_O)         1.056     1.056 r  NVM_ADDR_IBUF[7]_inst/O
                         net (fo=2, routed)           1.578     2.634    NVM_ADDR_IBUF[7]
    SLICE_X0Y11          LUT4 (Prop_lut4_I1_O)        0.124     2.758 r  r_wdata_latched[31]_i_10/O
                         net (fo=1, routed)           0.801     3.559    r_wdata_latched[31]_i_10_n_0
    SLICE_X0Y12          LUT4 (Prop_lut4_I3_O)        0.124     3.683 f  r_wdata_latched[31]_i_3/O
                         net (fo=33, routed)          2.604     6.287    r_fault_detected1
    SLICE_X0Y47          LUT6 (Prop_lut6_I1_O)        0.124     6.411 r  r_wdata_latched[0]_i_1/O
                         net (fo=1, routed)           0.000     6.411    p_0_in[0]
    SLICE_X0Y47          FDCE                                         r  r_wdata_latched_reg[0]/D
  -------------------------------------------------------------------    -------------------

Slack:                    inf
  Source:                 NVM_ADDR[7]
                            (input port)
  Destination:            r_wdata_latched_reg[26]/D
  Path Group:             (none)
  Path Type:              Max at Slow Process Corner
  Data Path Delay:        6.250ns  (logic 1.428ns (22.846%)  route 4.822ns (77.154%))
  Logic Levels:           4  (IBUF=1 LUT4=2 LUT6=1)

    Location             Delay type                Incr(ns)  Path(ns)    Netlist Resource(s)
  -------------------------------------------------------------------    -------------------
    V11                                               0.000     0.000 r  NVM_ADDR[7]
                         net (fo=0)                   0.000     0.000    NVM_ADDR[7]
    V11                  IBUF (Prop_ibuf_I_O)         1.056     1.056 r  NVM_ADDR_IBUF[7]_inst/O
                         net (fo=2, routed)           1.578     2.634    NVM_ADDR_IBUF[7]
    SLICE_X0Y11          LUT4 (Prop_lut4_I1_O)        0.124     2.758 r  r_wdata_latched[31]_i_10/O
                         net (fo=1, routed)           0.801     3.559    r_wdata_latched[31]_i_10_n_0
    SLICE_X0Y12          LUT4 (Prop_lut4_I3_O)        0.124     3.683 f  r_wdata_latched[31]_i_3/O
                         net (fo=33, routed)          2.443     6.126    r_fault_detected1
    SLICE_X0Y46          LUT6 (Prop_lut6_I1_O)        0.124     6.250 r  r_wdata_latched[26]_i_1/O
                         net (fo=1, routed)           0.000     6.250    p_0_in[26]
    SLICE_X0Y46          FDCE                                         r  r_wdata_latched_reg[26]/D
  -------------------------------------------------------------------    -------------------

Slack:                    inf
  Source:                 NVM_ADDR[7]
                            (input port)
  Destination:            r_wdata_latched_reg[13]/D
  Path Group:             (none)
  Path Type:              Max at Slow Process Corner
  Data Path Delay:        6.248ns  (logic 1.428ns (22.855%)  route 4.820ns (77.145%))
  Logic Levels:           4  (IBUF=1 LUT4=2 LUT6=1)

    Location             Delay type                Incr(ns)  Path(ns)    Netlist Resource(s)
  -------------------------------------------------------------------    -------------------
    V11                                               0.000     0.000 r  NVM_ADDR[7]
                         net (fo=0)                   0.000     0.000    NVM_ADDR[7]
    V11                  IBUF (Prop_ibuf_I_O)         1.056     1.056 r  NVM_ADDR_IBUF[7]_inst/O
                         net (fo=2, routed)           1.578     2.634    NVM_ADDR_IBUF[7]
    SLICE_X0Y11          LUT4 (Prop_lut4_I1_O)        0.124     2.758 r  r_wdata_latched[31]_i_10/O
                         net (fo=1, routed)           0.801     3.559    r_wdata_latched[31]_i_10_n_0
    SLICE_X0Y12          LUT4 (Prop_lut4_I3_O)        0.124     3.683 f  r_wdata_latched[31]_i_3/O
                         net (fo=33, routed)          2.441     6.124    r_fault_detected1
    SLICE_X0Y46          LUT6 (Prop_lut6_I1_O)        0.124     6.248 r  r_wdata_latched[13]_i_1/O
                         net (fo=1, routed)           0.000     6.248    p_0_in[13]
    SLICE_X0Y46          FDCE                                         r  r_wdata_latched_reg[13]/D
  -------------------------------------------------------------------    -------------------





Min Delay Paths
--------------------------------------------------------------------------------------
Slack:                    inf
  Source:                 NVM_ADDR[6]
                            (input port)
  Destination:            r_fault_detected_reg/D
  Path Group:             (none)
  Path Type:              Min at Fast Process Corner
  Data Path Delay:        0.665ns  (logic 0.239ns (35.926%)  route 0.426ns (64.074%))
  Logic Levels:           2  (IBUF=1 LUT6=1)

    Location             Delay type                Incr(ns)  Path(ns)    Netlist Resource(s)
  -------------------------------------------------------------------    -------------------
    U14                                               0.000     0.000 f  NVM_ADDR[6]
                         net (fo=0)                   0.000     0.000    NVM_ADDR[6]
    U14                  IBUF (Prop_ibuf_I_O)         0.194     0.194 f  NVM_ADDR_IBUF[6]_inst/O
                         net (fo=2, routed)           0.426     0.620    NVM_ADDR_IBUF[6]
    SLICE_X0Y11          LUT6 (Prop_lut6_I3_O)        0.045     0.665 r  r_fault_detected_i_2/O
                         net (fo=1, routed)           0.000     0.665    r_fault_detected0
    SLICE_X0Y11          FDCE                                         r  r_fault_detected_reg/D
  -------------------------------------------------------------------    -------------------

Slack:                    inf
  Source:                 NVM_WDATA[0]
                            (input port)
  Destination:            r_wdata_latched_reg[0]/D
  Path Group:             (none)
  Path Type:              Min at Fast Process Corner
  Data Path Delay:        0.713ns  (logic 0.210ns (29.454%)  route 0.503ns (70.546%))
  Logic Levels:           2  (IBUF=1 LUT6=1)

    Location             Delay type                Incr(ns)  Path(ns)    Netlist Resource(s)
  -------------------------------------------------------------------    -------------------
    K16                                               0.000     0.000 r  NVM_WDATA[0]
                         net (fo=0)                   0.000     0.000    NVM_WDATA[0]
    K16                  IBUF (Prop_ibuf_I_O)         0.165     0.165 r  NVM_WDATA_IBUF[0]_inst/O
                         net (fo=2, routed)           0.503     0.668    NVM_WDATA_IBUF[0]
    SLICE_X0Y47          LUT6 (Prop_lut6_I0_O)        0.045     0.713 r  r_wdata_latched[0]_i_1/O
                         net (fo=1, routed)           0.000     0.713    p_0_in[0]
    SLICE_X0Y47          FDCE                                         r  r_wdata_latched_reg[0]/D
  -------------------------------------------------------------------    -------------------

Slack:                    inf
  Source:                 NVM_WDATA[2]
                            (input port)
  Destination:            r_wdata_latched_reg[2]/D
  Path Group:             (none)
  Path Type:              Min at Fast Process Corner
  Data Path Delay:        0.747ns  (logic 0.247ns (33.052%)  route 0.500ns (66.948%))
  Logic Levels:           2  (IBUF=1 LUT6=1)

    Location             Delay type                Incr(ns)  Path(ns)    Netlist Resource(s)
  -------------------------------------------------------------------    -------------------
    K15                                               0.000     0.000 r  NVM_WDATA[2]
                         net (fo=0)                   0.000     0.000    NVM_WDATA[2]
    K15                  IBUF (Prop_ibuf_I_O)         0.202     0.202 r  NVM_WDATA_IBUF[2]_inst/O
                         net (fo=2, routed)           0.500     0.702    NVM_WDATA_IBUF[2]
    SLICE_X0Y46          LUT6 (Prop_lut6_I0_O)        0.045     0.747 r  r_wdata_latched[2]_i_1/O
                         net (fo=1, routed)           0.000     0.747    p_0_in[2]
    SLICE_X0Y46          FDCE                                         r  r_wdata_latched_reg[2]/D
  -------------------------------------------------------------------    -------------------

Slack:                    inf
  Source:                 NVM_WDATA[3]
                            (input port)
  Destination:            r_wdata_latched_reg[3]/D
  Path Group:             (none)
  Path Type:              Min at Fast Process Corner
  Data Path Delay:        0.752ns  (logic 0.259ns (34.440%)  route 0.493ns (65.560%))
  Logic Levels:           2  (IBUF=1 LUT6=1)

    Location             Delay type                Incr(ns)  Path(ns)    Netlist Resource(s)
  -------------------------------------------------------------------    -------------------
    J18                                               0.000     0.000 r  NVM_WDATA[3]
                         net (fo=0)                   0.000     0.000    NVM_WDATA[3]
    J18                  IBUF (Prop_ibuf_I_O)         0.214     0.214 r  NVM_WDATA_IBUF[3]_inst/O
                         net (fo=2, routed)           0.493     0.707    NVM_WDATA_IBUF[3]
    SLICE_X1Y47          LUT6 (Prop_lut6_I0_O)        0.045     0.752 r  r_wdata_latched[3]_i_1/O
                         net (fo=1, routed)           0.000     0.752    p_0_in[3]
    SLICE_X1Y47          FDCE                                         r  r_wdata_latched_reg[3]/D
  -------------------------------------------------------------------    -------------------

Slack:                    inf
  Source:                 NVM_WDATA[4]
                            (input port)
  Destination:            r_wdata_latched_reg[4]/D
  Path Group:             (none)
  Path Type:              Min at Fast Process Corner
  Data Path Delay:        0.780ns  (logic 0.250ns (32.097%)  route 0.530ns (67.903%))
  Logic Levels:           2  (IBUF=1 LUT6=1)

    Location             Delay type                Incr(ns)  Path(ns)    Netlist Resource(s)
  -------------------------------------------------------------------    -------------------
    J17                                               0.000     0.000 r  NVM_WDATA[4]
                         net (fo=0)                   0.000     0.000    NVM_WDATA[4]
    J17                  IBUF (Prop_ibuf_I_O)         0.205     0.205 r  NVM_WDATA_IBUF[4]_inst/O
                         net (fo=2, routed)           0.530     0.735    NVM_WDATA_IBUF[4]
    SLICE_X1Y46          LUT6 (Prop_lut6_I0_O)        0.045     0.780 r  r_wdata_latched[4]_i_1/O
                         net (fo=1, routed)           0.000     0.780    p_0_in[4]
    SLICE_X1Y46          FDCE                                         r  r_wdata_latched_reg[4]/D
  -------------------------------------------------------------------    -------------------

Slack:                    inf
  Source:                 NVM_WDATA[10]
                            (input port)
  Destination:            r_wdata_latched_reg[10]/D
  Path Group:             (none)
  Path Type:              Min at Fast Process Corner
  Data Path Delay:        0.783ns  (logic 0.277ns (35.374%)  route 0.506ns (64.626%))
  Logic Levels:           2  (IBUF=1 LUT6=1)

    Location             Delay type                Incr(ns)  Path(ns)    Netlist Resource(s)
  -------------------------------------------------------------------    -------------------
    C16                                               0.000     0.000 r  NVM_WDATA[10]
                         net (fo=0)                   0.000     0.000    NVM_WDATA[10]
    C16                  IBUF (Prop_ibuf_I_O)         0.232     0.232 r  NVM_WDATA_IBUF[10]_inst/O
                         net (fo=2, routed)           0.506     0.738    NVM_WDATA_IBUF[10]
    SLICE_X1Y48          LUT6 (Prop_lut6_I0_O)        0.045     0.783 r  r_wdata_latched[10]_i_1/O
                         net (fo=1, routed)           0.000     0.783    p_0_in[10]
    SLICE_X1Y48          FDCE                                         r  r_wdata_latched_reg[10]/D
  -------------------------------------------------------------------    -------------------

Slack:                    inf
  Source:                 NVM_WDATA[1]
                            (input port)
  Destination:            r_wdata_latched_reg[1]/D
  Path Group:             (none)
  Path Type:              Min at Fast Process Corner
  Data Path Delay:        0.812ns  (logic 0.250ns (30.753%)  route 0.562ns (69.247%))
  Logic Levels:           2  (IBUF=1 LUT6=1)

    Location             Delay type                Incr(ns)  Path(ns)    Netlist Resource(s)
  -------------------------------------------------------------------    -------------------
    J15                                               0.000     0.000 r  NVM_WDATA[1]
                         net (fo=0)                   0.000     0.000    NVM_WDATA[1]
    J15                  IBUF (Prop_ibuf_I_O)         0.205     0.205 r  NVM_WDATA_IBUF[1]_inst/O
                         net (fo=2, routed)           0.562     0.767    NVM_WDATA_IBUF[1]
    SLICE_X0Y44          LUT6 (Prop_lut6_I0_O)        0.045     0.812 r  r_wdata_latched[1]_i_1/O
                         net (fo=1, routed)           0.000     0.812    p_0_in[1]
    SLICE_X0Y44          FDCE                                         r  r_wdata_latched_reg[1]/D
  -------------------------------------------------------------------    -------------------

Slack:                    inf
  Source:                 NVM_WDATA[6]
                            (input port)
  Destination:            r_wdata_latched_reg[6]/D
  Path Group:             (none)
  Path Type:              Min at Fast Process Corner
  Data Path Delay:        0.816ns  (logic 0.256ns (31.416%)  route 0.560ns (68.584%))
  Logic Levels:           2  (IBUF=1 LUT6=1)

    Location             Delay type                Incr(ns)  Path(ns)    Netlist Resource(s)
  -------------------------------------------------------------------    -------------------
    G18                                               0.000     0.000 r  NVM_WDATA[6]
                         net (fo=0)                   0.000     0.000    NVM_WDATA[6]
    G18                  IBUF (Prop_ibuf_I_O)         0.211     0.211 r  NVM_WDATA_IBUF[6]_inst/O
                         net (fo=2, routed)           0.560     0.771    NVM_WDATA_IBUF[6]
    SLICE_X1Y46          LUT6 (Prop_lut6_I0_O)        0.045     0.816 r  r_wdata_latched[6]_i_1/O
                         net (fo=1, routed)           0.000     0.816    p_0_in[6]
    SLICE_X1Y46          FDCE                                         r  r_wdata_latched_reg[6]/D
  -------------------------------------------------------------------    -------------------

Slack:                    inf
  Source:                 NVM_WDATA[8]
                            (input port)
  Destination:            r_wdata_latched_reg[8]/D
  Path Group:             (none)
  Path Type:              Min at Fast Process Corner
  Data Path Delay:        0.844ns  (logic 0.268ns (31.717%)  route 0.576ns (68.283%))
  Logic Levels:           2  (IBUF=1 LUT6=1)

    Location             Delay type                Incr(ns)  Path(ns)    Netlist Resource(s)
  -------------------------------------------------------------------    -------------------
    E18                                               0.000     0.000 r  NVM_WDATA[8]
                         net (fo=0)                   0.000     0.000    NVM_WDATA[8]
    E18                  IBUF (Prop_ibuf_I_O)         0.223     0.223 r  NVM_WDATA_IBUF[8]_inst/O
                         net (fo=2, routed)           0.576     0.799    NVM_WDATA_IBUF[8]
    SLICE_X1Y47          LUT6 (Prop_lut6_I0_O)        0.045     0.844 r  r_wdata_latched[8]_i_1/O
                         net (fo=1, routed)           0.000     0.844    p_0_in[8]
    SLICE_X1Y47          FDCE                                         r  r_wdata_latched_reg[8]/D
  -------------------------------------------------------------------    -------------------

Slack:                    inf
  Source:                 NVM_WDATA[5]
                            (input port)
  Destination:            r_wdata_latched_reg[24]/D
  Path Group:             (none)
  Path Type:              Min at Fast Process Corner
  Data Path Delay:        0.857ns  (logic 0.300ns (35.011%)  route 0.557ns (64.989%))
  Logic Levels:           3  (IBUF=1 LUT5=1 LUT6=1)

    Location             Delay type                Incr(ns)  Path(ns)    Netlist Resource(s)
  -------------------------------------------------------------------    -------------------
    F18                                               0.000     0.000 f  NVM_WDATA[5]
                         net (fo=0)                   0.000     0.000    NVM_WDATA[5]
    F18                  IBUF (Prop_ibuf_I_O)         0.210     0.210 f  NVM_WDATA_IBUF[5]_inst/O
                         net (fo=2, routed)           0.483     0.693    NVM_WDATA_IBUF[5]
    SLICE_X1Y48          LUT5 (Prop_lut5_I0_O)        0.045     0.738 r  r_wdata_latched[31]_i_6/O
                         net (fo=33, routed)          0.074     0.812    r_wdata_latched[31]_i_6_n_0
    SLICE_X1Y48          LUT6 (Prop_lut6_I4_O)        0.045     0.857 r  r_wdata_latched[24]_i_1/O
                         net (fo=1, routed)           0.000     0.857    p_0_in[24]
    SLICE_X1Y48          FDCE                                         r  r_wdata_latched_reg[24]/D
  -------------------------------------------------------------------    -------------------





