Copyright 1986-2022 Xilinx, Inc. All Rights Reserved. Copyright 2022-2026 Advanced Micro Devices, Inc. All Rights Reserved.
---------------------------------------------------------------------------------------------------------------------------------------------
| Tool Version : Vivado v.2026.1 (win64) Build 6511674 Tue Jun 16 11:02:23 MDT 2026
| Date         : Wed Sep 30 14:22:00 2026
| Host         : PC1-2D running 64-bit major release  (build 9200)
| Command      : report_timing_summary -file H:/REIO/CDC/reio_cdc_timing_summary_routed.rpt
| Design       : reio_cdc_sync
| Device       : xa7a35t-csg324
| Speed File   : -1Q  PRODUCTION 1.16 2018-06-13
| Design State : Routed
---------------------------------------------------------------------------------------------------------------------------------------------

Timing Summary Report

------------------------------------------------------------------------------------------------
| Timer Settings
| --------------
------------------------------------------------------------------------------------------------

  Enable Multi Corner Analysis               :  Yes
  Enable Pessimism Removal                   :  Yes
  Pessimism Removal Resolution               :  Nearest Common Node
  Enable Input Delay Default Clock           :  No
  Enable Preset / Clear Arcs                 :  No
  Disable Flight Delays                      :  No
  Ignore I/O Paths                           :  No
  Timing Early Launch at Borrowing Latches   :  No
  Borrow Time for Max Delay Exceptions       :  Yes
  Merge Timing Exceptions                    :  Yes
  Inter-SLR Compensation                     :  Conservative

  Corner  Analyze    Analyze    
  Name    Max Paths  Min Paths  
  ------  ---------  ---------  
  Slow    Yes        Yes        
  Fast    Yes        Yes        


------------------------------------------------------------------------------------------------
| Report Methodology
| ------------------
------------------------------------------------------------------------------------------------

Rule       Severity  Description                    Violations  
---------  --------  -----------------------------  ----------  
TIMING-18  Warning   Missing input or output delay  1           

Note: This report is based on the most recent report_methodology run and may not be up-to-date. Run report_methodology on the current design for the latest report.



check_timing report

Table of Contents
-----------------
1. checking no_clock (0)
2. checking constant_clock (0)
3. checking pulse_width_clock (0)
4. checking unconstrained_internal_endpoints (0)
5. checking no_input_delay (2)
6. checking no_output_delay (1)
7. checking multiple_clock (0)
8. checking generated_clocks (0)
9. checking loops (0)
10. checking partial_input_delay (0)
11. checking partial_output_delay (0)
12. checking latch_loops (0)

1. checking no_clock (0)
------------------------
 There are 0 register/latch pins with no clock.


2. checking constant_clock (0)
------------------------------
 There are 0 register/latch pins with constant_clock.


3. checking pulse_width_clock (0)
---------------------------------
 There are 0 register/latch pins which need pulse_width check


4. checking unconstrained_internal_endpoints (0)
------------------------------------------------
 There are 0 pins that are not constrained for maximum delay.

 There are 0 pins that are not constrained for maximum delay due to constant clock.


5. checking no_input_delay (2)
------------------------------
 There are 0 input ports with no input delay specified.

 There are 2 input ports with no input delay but user has a false path constraint. (MEDIUM)


6. checking no_output_delay (1)
-------------------------------
 There is 1 port with no output delay specified. (HIGH)

 There are 0 ports with no output delay but user has a false path constraint

 There are 0 ports with no output delay but with a timing clock defined on it or propagating through it


7. checking multiple_clock (0)
------------------------------
 There are 0 register/latch pins with multiple clocks.


8. checking generated_clocks (0)
--------------------------------
 There are 0 generated clocks that are not connected to a clock source.


9. checking loops (0)
---------------------
 There are 0 combinational loops in the design.


10. checking partial_input_delay (0)
------------------------------------
 There are 0 input ports with partial input delay specified.


11. checking partial_output_delay (0)
-------------------------------------
 There are 0 ports with partial output delay specified.


12. checking latch_loops (0)
----------------------------
 There are 0 combinational latch loops in the design through latch input



------------------------------------------------------------------------------------------------
| Design Timing Summary
| ---------------------
------------------------------------------------------------------------------------------------

    WNS(ns)      TNS(ns)  TNS Failing Endpoints  TNS Total Endpoints      WHS(ns)      THS(ns)  THS Failing Endpoints  THS Total Endpoints     WPWS(ns)     TPWS(ns)  TPWS Failing Endpoints  TPWS Total Endpoints  
    -------      -------  ---------------------  -------------------      -------      -------  ---------------------  -------------------     --------     --------  ----------------------  --------------------  
      8.926        0.000                      0                    2        0.131        0.000                      0                    2        4.500        0.000                       0                     4  


All user specified timing constraints are met.


------------------------------------------------------------------------------------------------
| Clock Summary
| -------------
------------------------------------------------------------------------------------------------

Clock            Waveform(ns)       Period(ns)      Frequency(MHz)
-----            ------------       ----------      --------------
clk_dest_domain  {0.000 5.000}      10.000          100.000         


------------------------------------------------------------------------------------------------
| Intra Clock Table
| -----------------
------------------------------------------------------------------------------------------------

Clock                WNS(ns)      TNS(ns)  TNS Failing Endpoints  TNS Total Endpoints      WHS(ns)      THS(ns)  THS Failing Endpoints  THS Total Endpoints     WPWS(ns)     TPWS(ns)  TPWS Failing Endpoints  TPWS Total Endpoints  
-----                -------      -------  ---------------------  -------------------      -------      -------  ---------------------  -------------------     --------     --------  ----------------------  --------------------  
clk_dest_domain        8.926        0.000                      0                    2        0.131        0.000                      0                    2        4.500        0.000                       0                     4  


------------------------------------------------------------------------------------------------
| Inter Clock Table
| -----------------
------------------------------------------------------------------------------------------------

From Clock    To Clock          WNS(ns)      TNS(ns)  TNS Failing Endpoints  TNS Total Endpoints      WHS(ns)      THS(ns)  THS Failing Endpoints  THS Total Endpoints  
----------    --------          -------      -------  ---------------------  -------------------      -------      -------  ---------------------  -------------------  


------------------------------------------------------------------------------------------------
| Other Path Groups Table
| -----------------------
------------------------------------------------------------------------------------------------

Path Group    From Clock    To Clock          WNS(ns)      TNS(ns)  TNS Failing Endpoints  TNS Total Endpoints      WHS(ns)      THS(ns)  THS Failing Endpoints  THS Total Endpoints  
----------    ----------    --------          -------      -------  ---------------------  -------------------      -------      -------  ---------------------  -------------------  


------------------------------------------------------------------------------------------------
| Timing Details
| --------------
------------------------------------------------------------------------------------------------


---------------------------------------------------------------------------------------------------
From Clock:  clk_dest_domain
  To Clock:  clk_dest_domain

Setup :            0  Failing Endpoints,  Worst Slack        8.926ns,  Total Violation        0.000ns
Hold  :            0  Failing Endpoints,  Worst Slack        0.131ns,  Total Violation        0.000ns
PW    :            0  Failing Endpoints,  Worst Slack        4.500ns,  Total Violation        0.000ns
---------------------------------------------------------------------------------------------------


Max Delay Paths
--------------------------------------------------------------------------------------
Slack (MET) :             8.926ns  (required time - arrival time)
  Source:                 sync_reg1_reg/C
                            (rising edge-triggered cell FDCE clocked by clk_dest_domain  {rise@0.000ns fall@5.000ns period=10.000ns})
  Destination:            sync_reg2_reg/D
                            (rising edge-triggered cell FDCE clocked by clk_dest_domain  {rise@0.000ns fall@5.000ns period=10.000ns})
  Path Group:             clk_dest_domain
  Path Type:              Setup (Max at Slow Process Corner)
  Requirement:            10.000ns  (clk_dest_domain rise@10.000ns - clk_dest_domain rise@0.000ns)
  Data Path Delay:        0.801ns  (logic 0.419ns (52.283%)  route 0.382ns (47.717%))
  Logic Levels:           0  
  Clock Path Skew:        0.000ns (DCD - SCD + CPR)
    Destination Clock Delay (DCD):    4.308ns = ( 14.308 - 10.000 ) 
    Source Clock Delay      (SCD):    4.747ns
    Clock Pessimism Removal (CPR):    0.439ns
  Clock Uncertainty:      0.035ns  ((TSJ^2 + TIJ^2)^1/2 + DJ) / 2 + PE
    Total System Jitter     (TSJ):    0.071ns
    Total Input Jitter      (TIJ):    0.000ns
    Discrete Jitter          (DJ):    0.000ns
    Phase Error              (PE):    0.000ns

    Location             Delay type                Incr(ns)  Path(ns)    Netlist Resource(s)
  -------------------------------------------------------------------    -------------------
                         (clock clk_dest_domain rise edge)
                                                      0.000     0.000 r  <hidden>
    N15                                               0.000     0.000 r  CLK_DEST
                         net (fo=0)                   0.000     0.000    CLK_DEST
    N15                  IBUF (Prop_ibuf_I_O)         1.040     1.040 r  CLK_DEST_IBUF_inst/O
                         net (fo=1, routed)           1.972     3.011    CLK_DEST_IBUF
    BUFGCTRL_X0Y0        BUFG (Prop_bufg_I_O)         0.096     3.107 r  CLK_DEST_IBUF_BUFG_inst/O
                         net (fo=3, routed)           1.639     4.747    CLK_DEST_IBUF_BUFG
    SLICE_X0Y1           FDCE                                         r  sync_reg1_reg/C
  -------------------------------------------------------------------    -------------------
    SLICE_X0Y1           FDCE (Prop_fdce_C_Q)         0.419     5.166 r  sync_reg1_reg/Q
                         net (fo=1, routed)           0.382     5.548    sync_reg1
    SLICE_X0Y1           FDCE                                         r  sync_reg2_reg/D
  -------------------------------------------------------------------    -------------------

                         (clock clk_dest_domain rise edge)
                                                     10.000    10.000 r  <hidden>
    N15                                               0.000    10.000 r  CLK_DEST
                         net (fo=0)                   0.000    10.000    CLK_DEST
    N15                  IBUF (Prop_ibuf_I_O)         0.828    10.828 r  CLK_DEST_IBUF_inst/O
                         net (fo=1, routed)           1.868    12.696    CLK_DEST_IBUF
    BUFGCTRL_X0Y0        BUFG (Prop_bufg_I_O)         0.091    12.787 r  CLK_DEST_IBUF_BUFG_inst/O
                         net (fo=3, routed)           1.520    14.308    CLK_DEST_IBUF_BUFG
    SLICE_X0Y1           FDCE                                         r  sync_reg2_reg/C
                         clock pessimism              0.439    14.747    <hidden>
                         clock uncertainty           -0.035    14.711    <hidden>
    SLICE_X0Y1           FDCE (Setup_fdce_C_D)       -0.237    14.474    sync_reg2_reg
  -------------------------------------------------------------------
                         required time                         14.474    <hidden>
                         arrival time                          -5.548    <hidden>
  -------------------------------------------------------------------
                         slack                                  8.926    <hidden>





Min Delay Paths
--------------------------------------------------------------------------------------
Slack (MET) :             0.131ns  (arrival time - required time)
  Source:                 sync_reg0_reg/C
                            (rising edge-triggered cell FDCE clocked by clk_dest_domain  {rise@0.000ns fall@5.000ns period=10.000ns})
  Destination:            sync_reg1_reg/D
                            (rising edge-triggered cell FDCE clocked by clk_dest_domain  {rise@0.000ns fall@5.000ns period=10.000ns})
  Path Group:             clk_dest_domain
  Path Type:              Hold (Min at Fast Process Corner)
  Requirement:            0.000ns  (clk_dest_domain rise@0.000ns - clk_dest_domain rise@0.000ns)
  Data Path Delay:        0.206ns  (logic 0.141ns (68.336%)  route 0.065ns (31.664%))
  Logic Levels:           0  
  Clock Path Skew:        0.000ns (DCD - SCD - CPR)
    Destination Clock Delay (DCD):    1.964ns
    Source Clock Delay      (SCD):    1.446ns
    Clock Pessimism Removal (CPR):    0.517ns

    Location             Delay type                Incr(ns)  Path(ns)    Netlist Resource(s)
  -------------------------------------------------------------------    -------------------
                         (clock clk_dest_domain rise edge)
                                                      0.000     0.000 r  <hidden>
    N15                                               0.000     0.000 r  CLK_DEST
                         net (fo=0)                   0.000     0.000    CLK_DEST
    N15                  IBUF (Prop_ibuf_I_O)         0.191     0.191 r  CLK_DEST_IBUF_inst/O
                         net (fo=1, routed)           0.634     0.825    CLK_DEST_IBUF
    BUFGCTRL_X0Y0        BUFG (Prop_bufg_I_O)         0.026     0.851 r  CLK_DEST_IBUF_BUFG_inst/O
                         net (fo=3, routed)           0.596     1.446    CLK_DEST_IBUF_BUFG
    SLICE_X0Y1           FDCE                                         r  sync_reg0_reg/C
  -------------------------------------------------------------------    -------------------
    SLICE_X0Y1           FDCE (Prop_fdce_C_Q)         0.141     1.587 r  sync_reg0_reg/Q
                         net (fo=1, routed)           0.065     1.653    sync_reg0
    SLICE_X0Y1           FDCE                                         r  sync_reg1_reg/D
  -------------------------------------------------------------------    -------------------

                         (clock clk_dest_domain rise edge)
                                                      0.000     0.000 r  <hidden>
    N15                                               0.000     0.000 r  CLK_DEST
                         net (fo=0)                   0.000     0.000    CLK_DEST
    N15                  IBUF (Prop_ibuf_I_O)         0.380     0.380 r  CLK_DEST_IBUF_inst/O
                         net (fo=1, routed)           0.689     1.068    CLK_DEST_IBUF
    BUFGCTRL_X0Y0        BUFG (Prop_bufg_I_O)         0.029     1.097 r  CLK_DEST_IBUF_BUFG_inst/O
                         net (fo=3, routed)           0.867     1.964    CLK_DEST_IBUF_BUFG
    SLICE_X0Y1           FDCE                                         r  sync_reg1_reg/C
                         clock pessimism             -0.517     1.446    <hidden>
    SLICE_X0Y1           FDCE (Hold_fdce_C_D)         0.075     1.521    sync_reg1_reg
  -------------------------------------------------------------------
                         required time                         -1.521    <hidden>
                         arrival time                           1.653    <hidden>
  -------------------------------------------------------------------
                         slack                                  0.131    <hidden>





Pulse Width Checks
--------------------------------------------------------------------------------------
Clock Name:         clk_dest_domain
Waveform(ns):       { 0.000 5.000 }
Period(ns):         10.000
Sources:            { CLK_DEST }

Check Type        Corner  Lib Pin  Reference Pin  Required(ns)  Actual(ns)  Slack(ns)  Location       Pin
Min Period        n/a     BUFG/I   n/a            2.155         10.000      7.845      BUFGCTRL_X0Y0  CLK_DEST_IBUF_BUFG_inst/I
Low Pulse Width   Slow    FDCE/C   n/a            0.500         5.000       4.500      SLICE_X0Y1     sync_reg0_reg/C
High Pulse Width  Slow    FDCE/C   n/a            0.500         5.000       4.500      SLICE_X0Y1     sync_reg0_reg/C



