Copyright 1986-2022 Xilinx, Inc. All Rights Reserved. Copyright 2022-2026 Advanced Micro Devices, Inc. All Rights Reserved.
---------------------------------------------------------------------------------------------------------------------------------------------
| Tool Version : Vivado v.2026.1 (win64) Build 6511674 Tue Jun 16 11:02:23 MDT 2026
| Date         : Thu Oct  1 21:44:20 2026
| Host         : PC1-2D running 64-bit major release  (build 9200)
| Command      : report_timing_summary -delay_type min_max -max_paths 10 -file H:/REIO/V4/CPU/build_output/reio_v4_timing.rpt
| Design       : reio_v4_cpu_top
| Device       : xa7a35t-csg324
| Speed File   : -1Q  PRODUCTION 1.16 2018-06-13
| Design State : Routed
---------------------------------------------------------------------------------------------------------------------------------------------

Timing Summary Report

------------------------------------------------------------------------------------------------
| Timer Settings
| --------------
------------------------------------------------------------------------------------------------

  Enable Multi Corner Analysis               :  Yes
  Enable Pessimism Removal                   :  Yes
  Pessimism Removal Resolution               :  Nearest Common Node
  Enable Input Delay Default Clock           :  No
  Enable Preset / Clear Arcs                 :  No
  Disable Flight Delays                      :  No
  Ignore I/O Paths                           :  No
  Timing Early Launch at Borrowing Latches   :  No
  Borrow Time for Max Delay Exceptions       :  Yes
  Merge Timing Exceptions                    :  Yes
  Inter-SLR Compensation                     :  Conservative

  Corner  Analyze    Analyze    
  Name    Max Paths  Min Paths  
  ------  ---------  ---------  
  Slow    Yes        Yes        
  Fast    Yes        Yes        


------------------------------------------------------------------------------------------------
| Report Methodology
| ------------------
------------------------------------------------------------------------------------------------

No report available as report_methodology has not been run prior. Run report_methodology on the current design for the summary of methodology violations.



check_timing report

Table of Contents
-----------------
1. checking no_clock (0)
2. checking constant_clock (0)
3. checking pulse_width_clock (0)
4. checking unconstrained_internal_endpoints (0)
5. checking no_input_delay (10)
6. checking no_output_delay (3)
7. checking multiple_clock (0)
8. checking generated_clocks (0)
9. checking loops (0)
10. checking partial_input_delay (0)
11. checking partial_output_delay (0)
12. checking latch_loops (0)

1. checking no_clock (0)
------------------------
 There are 0 register/latch pins with no clock.


2. checking constant_clock (0)
------------------------------
 There are 0 register/latch pins with constant_clock.


3. checking pulse_width_clock (0)
---------------------------------
 There are 0 register/latch pins which need pulse_width check


4. checking unconstrained_internal_endpoints (0)
------------------------------------------------
 There are 0 pins that are not constrained for maximum delay.

 There are 0 pins that are not constrained for maximum delay due to constant clock.


5. checking no_input_delay (10)
-------------------------------
 There are 10 input ports with no input delay specified. (HIGH)

 There are 0 input ports with no input delay but user has a false path constraint.


6. checking no_output_delay (3)
-------------------------------
 There are 3 ports with no output delay specified. (HIGH)

 There are 0 ports with no output delay but user has a false path constraint

 There are 0 ports with no output delay but with a timing clock defined on it or propagating through it


7. checking multiple_clock (0)
------------------------------
 There are 0 register/latch pins with multiple clocks.


8. checking generated_clocks (0)
--------------------------------
 There are 0 generated clocks that are not connected to a clock source.


9. checking loops (0)
---------------------
 There are 0 combinational loops in the design.


10. checking partial_input_delay (0)
------------------------------------
 There are 0 input ports with partial input delay specified.


11. checking partial_output_delay (0)
-------------------------------------
 There are 0 ports with partial output delay specified.


12. checking latch_loops (0)
----------------------------
 There are 0 combinational latch loops in the design through latch input



------------------------------------------------------------------------------------------------
| Design Timing Summary
| ---------------------
------------------------------------------------------------------------------------------------

    WNS(ns)      TNS(ns)  TNS Failing Endpoints  TNS Total Endpoints      WHS(ns)      THS(ns)  THS Failing Endpoints  THS Total Endpoints     WPWS(ns)     TPWS(ns)  TPWS Failing Endpoints  TPWS Total Endpoints  
    -------      -------  ---------------------  -------------------      -------      -------  ---------------------  -------------------     --------     --------  ----------------------  --------------------  
      8.936        0.000                      0                    2        0.190        0.000                      0                    2        4.500        0.000                       0                     7  


All user specified timing constraints are met.


------------------------------------------------------------------------------------------------
| Clock Summary
| -------------
------------------------------------------------------------------------------------------------

Clock    Waveform(ns)       Period(ns)      Frequency(MHz)
-----    ------------       ----------      --------------
sys_clk  {0.000 5.000}      10.000          100.000         


------------------------------------------------------------------------------------------------
| Intra Clock Table
| -----------------
------------------------------------------------------------------------------------------------

Clock             WNS(ns)      TNS(ns)  TNS Failing Endpoints  TNS Total Endpoints      WHS(ns)      THS(ns)  THS Failing Endpoints  THS Total Endpoints     WPWS(ns)     TPWS(ns)  TPWS Failing Endpoints  TPWS Total Endpoints  
-----             -------      -------  ---------------------  -------------------      -------      -------  ---------------------  -------------------     --------     --------  ----------------------  --------------------  
sys_clk             8.936        0.000                      0                    2        0.190        0.000                      0                    2        4.500        0.000                       0                     7  


------------------------------------------------------------------------------------------------
| Inter Clock Table
| -----------------
------------------------------------------------------------------------------------------------

From Clock    To Clock          WNS(ns)      TNS(ns)  TNS Failing Endpoints  TNS Total Endpoints      WHS(ns)      THS(ns)  THS Failing Endpoints  THS Total Endpoints  
----------    --------          -------      -------  ---------------------  -------------------      -------      -------  ---------------------  -------------------  


------------------------------------------------------------------------------------------------
| Other Path Groups Table
| -----------------------
------------------------------------------------------------------------------------------------

Path Group    From Clock    To Clock          WNS(ns)      TNS(ns)  TNS Failing Endpoints  TNS Total Endpoints      WHS(ns)      THS(ns)  THS Failing Endpoints  THS Total Endpoints  
----------    ----------    --------          -------      -------  ---------------------  -------------------      -------      -------  ---------------------  -------------------  


------------------------------------------------------------------------------------------------
| Timing Details
| --------------
------------------------------------------------------------------------------------------------


---------------------------------------------------------------------------------------------------
From Clock:  sys_clk
  To Clock:  sys_clk

Setup :            0  Failing Endpoints,  Worst Slack        8.936ns,  Total Violation        0.000ns
Hold  :            0  Failing Endpoints,  Worst Slack        0.190ns,  Total Violation        0.000ns
PW    :            0  Failing Endpoints,  Worst Slack        4.500ns,  Total Violation        0.000ns
---------------------------------------------------------------------------------------------------


Max Delay Paths
--------------------------------------------------------------------------------------
Slack (MET) :             8.936ns  (required time - arrival time)
  Source:                 DEC_BLOC/O_ALU_OPCODE_reg[0]/C
                            (rising edge-triggered cell FDPE clocked by sys_clk  {rise@0.000ns fall@5.000ns period=10.000ns})
  Destination:            ALU_BLOC/O_ALU_RESULT_reg[0]/D
                            (rising edge-triggered cell FDPE clocked by sys_clk  {rise@0.000ns fall@5.000ns period=10.000ns})
  Path Group:             sys_clk
  Path Type:              Setup (Max at Slow Process Corner)
  Requirement:            10.000ns  (sys_clk rise@10.000ns - sys_clk rise@0.000ns)
  Data Path Delay:        1.035ns  (logic 0.580ns (56.024%)  route 0.455ns (43.976%))
  Logic Levels:           1  (LUT6=1)
  Clock Path Skew:        -0.022ns (DCD - SCD + CPR)
    Destination Clock Delay (DCD):    4.883ns = ( 14.883 - 10.000 ) 
    Source Clock Delay      (SCD):    5.292ns
    Clock Pessimism Removal (CPR):    0.387ns
  Clock Uncertainty:      0.035ns  ((TSJ^2 + TIJ^2)^1/2 + DJ) / 2 + PE
    Total System Jitter     (TSJ):    0.071ns
    Total Input Jitter      (TIJ):    0.000ns
    Discrete Jitter          (DJ):    0.000ns
    Phase Error              (PE):    0.000ns

    Location             Delay type                Incr(ns)  Path(ns)    Netlist Resource(s)
  -------------------------------------------------------------------    -------------------
                         (clock sys_clk rise edge)    0.000     0.000 r  <hidden>
    R3                                                0.000     0.000 r  CLK
                         net (fo=0)                   0.000     0.000    CLK
    R3                   IBUF (Prop_ibuf_I_O)         1.591     1.591 r  CLK_IBUF_inst/O
                         net (fo=1, routed)           1.967     3.558    CLK_IBUF
    BUFGCTRL_X0Y0        BUFG (Prop_bufg_I_O)         0.096     3.654 r  CLK_IBUF_BUFG_inst/O
                         net (fo=6, routed)           1.638     5.292    DEC_BLOC/CLK
    SLICE_X1Y6           FDPE                                         r  DEC_BLOC/O_ALU_OPCODE_reg[0]/C
  -------------------------------------------------------------------    -------------------
    SLICE_X1Y6           FDPE (Prop_fdpe_C_Q)         0.456     5.748 r  DEC_BLOC/O_ALU_OPCODE_reg[0]/Q
                         net (fo=2, routed)           0.455     6.203    ALU_BLOC/I_OPCODE[0]
    SLICE_X0Y6           LUT6 (Prop_lut6_I2_O)        0.124     6.327 r  ALU_BLOC/O_ALU_RESULT[0]_i_1/O
                         net (fo=1, routed)           0.000     6.327    ALU_BLOC/O_ALU_RESULT[0]_i_1_n_0
    SLICE_X0Y6           FDPE                                         r  ALU_BLOC/O_ALU_RESULT_reg[0]/D
  -------------------------------------------------------------------    -------------------

                         (clock sys_clk rise edge)   10.000    10.000 r  <hidden>
    R3                                                0.000    10.000 r  CLK
                         net (fo=0)                   0.000    10.000    CLK
    R3                   IBUF (Prop_ibuf_I_O)         1.411    11.411 r  CLK_IBUF_inst/O
                         net (fo=1, routed)           1.862    13.273    CLK_IBUF
    BUFGCTRL_X0Y0        BUFG (Prop_bufg_I_O)         0.091    13.364 r  CLK_IBUF_BUFG_inst/O
                         net (fo=6, routed)           1.519    14.883    ALU_BLOC/CLK
    SLICE_X0Y6           FDPE                                         r  ALU_BLOC/O_ALU_RESULT_reg[0]/C
                         clock pessimism              0.387    15.270    <hidden>
                         clock uncertainty           -0.035    15.235    <hidden>
    SLICE_X0Y6           FDPE (Setup_fdpe_C_D)        0.029    15.264    ALU_BLOC/O_ALU_RESULT_reg[0]
  -------------------------------------------------------------------
                         required time                         15.264    <hidden>
                         arrival time                          -6.327    <hidden>
  -------------------------------------------------------------------
                         slack                                  8.936    <hidden>

Slack (MET) :             8.950ns  (required time - arrival time)
  Source:                 DEC_BLOC/O_ALU_OPCODE_reg[0]/C
                            (rising edge-triggered cell FDPE clocked by sys_clk  {rise@0.000ns fall@5.000ns period=10.000ns})
  Destination:            ALU_BLOC/O_ALU_RESULT_reg[1]/D
                            (rising edge-triggered cell FDCE clocked by sys_clk  {rise@0.000ns fall@5.000ns period=10.000ns})
  Path Group:             sys_clk
  Path Type:              Setup (Max at Slow Process Corner)
  Requirement:            10.000ns  (sys_clk rise@10.000ns - sys_clk rise@0.000ns)
  Data Path Delay:        1.024ns  (logic 0.580ns (56.638%)  route 0.444ns (43.362%))
  Logic Levels:           1  (LUT6=1)
  Clock Path Skew:        -0.022ns (DCD - SCD + CPR)
    Destination Clock Delay (DCD):    4.883ns = ( 14.883 - 10.000 ) 
    Source Clock Delay      (SCD):    5.292ns
    Clock Pessimism Removal (CPR):    0.387ns
  Clock Uncertainty:      0.035ns  ((TSJ^2 + TIJ^2)^1/2 + DJ) / 2 + PE
    Total System Jitter     (TSJ):    0.071ns
    Total Input Jitter      (TIJ):    0.000ns
    Discrete Jitter          (DJ):    0.000ns
    Phase Error              (PE):    0.000ns

    Location             Delay type                Incr(ns)  Path(ns)    Netlist Resource(s)
  -------------------------------------------------------------------    -------------------
                         (clock sys_clk rise edge)    0.000     0.000 r  <hidden>
    R3                                                0.000     0.000 r  CLK
                         net (fo=0)                   0.000     0.000    CLK
    R3                   IBUF (Prop_ibuf_I_O)         1.591     1.591 r  CLK_IBUF_inst/O
                         net (fo=1, routed)           1.967     3.558    CLK_IBUF
    BUFGCTRL_X0Y0        BUFG (Prop_bufg_I_O)         0.096     3.654 r  CLK_IBUF_BUFG_inst/O
                         net (fo=6, routed)           1.638     5.292    DEC_BLOC/CLK
    SLICE_X1Y6           FDPE                                         r  DEC_BLOC/O_ALU_OPCODE_reg[0]/C
  -------------------------------------------------------------------    -------------------
    SLICE_X1Y6           FDPE (Prop_fdpe_C_Q)         0.456     5.748 r  DEC_BLOC/O_ALU_OPCODE_reg[0]/Q
                         net (fo=2, routed)           0.444     6.192    ALU_BLOC/I_OPCODE[0]
    SLICE_X0Y6           LUT6 (Prop_lut6_I1_O)        0.124     6.316 r  ALU_BLOC/O_ALU_RESULT[1]_i_1/O
                         net (fo=1, routed)           0.000     6.316    ALU_BLOC/O_ALU_RESULT[1]_i_1_n_0
    SLICE_X0Y6           FDCE                                         r  ALU_BLOC/O_ALU_RESULT_reg[1]/D
  -------------------------------------------------------------------    -------------------

                         (clock sys_clk rise edge)   10.000    10.000 r  <hidden>
    R3                                                0.000    10.000 r  CLK
                         net (fo=0)                   0.000    10.000    CLK
    R3                   IBUF (Prop_ibuf_I_O)         1.411    11.411 r  CLK_IBUF_inst/O
                         net (fo=1, routed)           1.862    13.273    CLK_IBUF
    BUFGCTRL_X0Y0        BUFG (Prop_bufg_I_O)         0.091    13.364 r  CLK_IBUF_BUFG_inst/O
                         net (fo=6, routed)           1.519    14.883    ALU_BLOC/CLK
    SLICE_X0Y6           FDCE                                         r  ALU_BLOC/O_ALU_RESULT_reg[1]/C
                         clock pessimism              0.387    15.270    <hidden>
                         clock uncertainty           -0.035    15.235    <hidden>
    SLICE_X0Y6           FDCE (Setup_fdce_C_D)        0.031    15.266    ALU_BLOC/O_ALU_RESULT_reg[1]
  -------------------------------------------------------------------
                         required time                         15.266    <hidden>
                         arrival time                          -6.316    <hidden>
  -------------------------------------------------------------------
                         slack                                  8.950    <hidden>





Min Delay Paths
--------------------------------------------------------------------------------------
Slack (MET) :             0.190ns  (arrival time - required time)
  Source:                 DEC_BLOC/O_ALU_OPCODE_reg[1]/C
                            (rising edge-triggered cell FDCE clocked by sys_clk  {rise@0.000ns fall@5.000ns period=10.000ns})
  Destination:            ALU_BLOC/O_ALU_RESULT_reg[0]/D
                            (rising edge-triggered cell FDPE clocked by sys_clk  {rise@0.000ns fall@5.000ns period=10.000ns})
  Path Group:             sys_clk
  Path Type:              Hold (Min at Fast Process Corner)
  Requirement:            0.000ns  (sys_clk rise@0.000ns - sys_clk rise@0.000ns)
  Data Path Delay:        0.294ns  (logic 0.186ns (63.272%)  route 0.108ns (36.728%))
  Logic Levels:           1  (LUT6=1)
  Clock Path Skew:        0.013ns (DCD - SCD - CPR)
    Destination Clock Delay (DCD):    2.016ns
    Source Clock Delay      (SCD):    1.501ns
    Clock Pessimism Removal (CPR):    0.502ns

    Location             Delay type                Incr(ns)  Path(ns)    Netlist Resource(s)
  -------------------------------------------------------------------    -------------------
                         (clock sys_clk rise edge)    0.000     0.000 r  <hidden>
    R3                                                0.000     0.000 r  CLK
                         net (fo=0)                   0.000     0.000    CLK
    R3                   IBUF (Prop_ibuf_I_O)         0.249     0.249 r  CLK_IBUF_inst/O
                         net (fo=1, routed)           0.631     0.880    CLK_IBUF
    BUFGCTRL_X0Y0        BUFG (Prop_bufg_I_O)         0.026     0.906 r  CLK_IBUF_BUFG_inst/O
                         net (fo=6, routed)           0.595     1.501    DEC_BLOC/CLK
    SLICE_X1Y6           FDCE                                         r  DEC_BLOC/O_ALU_OPCODE_reg[1]/C
  -------------------------------------------------------------------    -------------------
    SLICE_X1Y6           FDCE (Prop_fdce_C_Q)         0.141     1.642 r  DEC_BLOC/O_ALU_OPCODE_reg[1]/Q
                         net (fo=2, routed)           0.108     1.750    ALU_BLOC/I_OPCODE[1]
    SLICE_X0Y6           LUT6 (Prop_lut6_I5_O)        0.045     1.795 r  ALU_BLOC/O_ALU_RESULT[0]_i_1/O
                         net (fo=1, routed)           0.000     1.795    ALU_BLOC/O_ALU_RESULT[0]_i_1_n_0
    SLICE_X0Y6           FDPE                                         r  ALU_BLOC/O_ALU_RESULT_reg[0]/D
  -------------------------------------------------------------------    -------------------

                         (clock sys_clk rise edge)    0.000     0.000 r  <hidden>
    R3                                                0.000     0.000 r  CLK
                         net (fo=0)                   0.000     0.000    CLK
    R3                   IBUF (Prop_ibuf_I_O)         0.437     0.437 r  CLK_IBUF_inst/O
                         net (fo=1, routed)           0.685     1.122    CLK_IBUF
    BUFGCTRL_X0Y0        BUFG (Prop_bufg_I_O)         0.029     1.151 r  CLK_IBUF_BUFG_inst/O
                         net (fo=6, routed)           0.866     2.016    ALU_BLOC/CLK
    SLICE_X0Y6           FDPE                                         r  ALU_BLOC/O_ALU_RESULT_reg[0]/C
                         clock pessimism             -0.502     1.514    <hidden>
    SLICE_X0Y6           FDPE (Hold_fdpe_C_D)         0.091     1.605    ALU_BLOC/O_ALU_RESULT_reg[0]
  -------------------------------------------------------------------
                         required time                         -1.605    <hidden>
                         arrival time                           1.795    <hidden>
  -------------------------------------------------------------------
                         slack                                  0.190    <hidden>

Slack (MET) :             0.190ns  (arrival time - required time)
  Source:                 DEC_BLOC/O_ALU_OPCODE_reg[1]/C
                            (rising edge-triggered cell FDCE clocked by sys_clk  {rise@0.000ns fall@5.000ns period=10.000ns})
  Destination:            ALU_BLOC/O_ALU_RESULT_reg[1]/D
                            (rising edge-triggered cell FDCE clocked by sys_clk  {rise@0.000ns fall@5.000ns period=10.000ns})
  Path Group:             sys_clk
  Path Type:              Hold (Min at Fast Process Corner)
  Requirement:            0.000ns  (sys_clk rise@0.000ns - sys_clk rise@0.000ns)
  Data Path Delay:        0.295ns  (logic 0.186ns (63.057%)  route 0.109ns (36.943%))
  Logic Levels:           1  (LUT6=1)
  Clock Path Skew:        0.013ns (DCD - SCD - CPR)
    Destination Clock Delay (DCD):    2.016ns
    Source Clock Delay      (SCD):    1.501ns
    Clock Pessimism Removal (CPR):    0.502ns

    Location             Delay type                Incr(ns)  Path(ns)    Netlist Resource(s)
  -------------------------------------------------------------------    -------------------
                         (clock sys_clk rise edge)    0.000     0.000 r  <hidden>
    R3                                                0.000     0.000 r  CLK
                         net (fo=0)                   0.000     0.000    CLK
    R3                   IBUF (Prop_ibuf_I_O)         0.249     0.249 r  CLK_IBUF_inst/O
                         net (fo=1, routed)           0.631     0.880    CLK_IBUF
    BUFGCTRL_X0Y0        BUFG (Prop_bufg_I_O)         0.026     0.906 r  CLK_IBUF_BUFG_inst/O
                         net (fo=6, routed)           0.595     1.501    DEC_BLOC/CLK
    SLICE_X1Y6           FDCE                                         r  DEC_BLOC/O_ALU_OPCODE_reg[1]/C
  -------------------------------------------------------------------    -------------------
    SLICE_X1Y6           FDCE (Prop_fdce_C_Q)         0.141     1.642 f  DEC_BLOC/O_ALU_OPCODE_reg[1]/Q
                         net (fo=2, routed)           0.109     1.751    ALU_BLOC/I_OPCODE[1]
    SLICE_X0Y6           LUT6 (Prop_lut6_I0_O)        0.045     1.796 r  ALU_BLOC/O_ALU_RESULT[1]_i_1/O
                         net (fo=1, routed)           0.000     1.796    ALU_BLOC/O_ALU_RESULT[1]_i_1_n_0
    SLICE_X0Y6           FDCE                                         r  ALU_BLOC/O_ALU_RESULT_reg[1]/D
  -------------------------------------------------------------------    -------------------

                         (clock sys_clk rise edge)    0.000     0.000 r  <hidden>
    R3                                                0.000     0.000 r  CLK
                         net (fo=0)                   0.000     0.000    CLK
    R3                   IBUF (Prop_ibuf_I_O)         0.437     0.437 r  CLK_IBUF_inst/O
                         net (fo=1, routed)           0.685     1.122    CLK_IBUF
    BUFGCTRL_X0Y0        BUFG (Prop_bufg_I_O)         0.029     1.151 r  CLK_IBUF_BUFG_inst/O
                         net (fo=6, routed)           0.866     2.016    ALU_BLOC/CLK
    SLICE_X0Y6           FDCE                                         r  ALU_BLOC/O_ALU_RESULT_reg[1]/C
                         clock pessimism             -0.502     1.514    <hidden>
    SLICE_X0Y6           FDCE (Hold_fdce_C_D)         0.092     1.606    ALU_BLOC/O_ALU_RESULT_reg[1]
  -------------------------------------------------------------------
                         required time                         -1.606    <hidden>
                         arrival time                           1.796    <hidden>
  -------------------------------------------------------------------
                         slack                                  0.190    <hidden>





Pulse Width Checks
--------------------------------------------------------------------------------------
Clock Name:         sys_clk
Waveform(ns):       { 0.000 5.000 }
Period(ns):         10.000
Sources:            { CLK }

Check Type        Corner  Lib Pin  Reference Pin  Required(ns)  Actual(ns)  Slack(ns)  Location       Pin
Min Period        n/a     BUFG/I   n/a            2.155         10.000      7.845      BUFGCTRL_X0Y0  CLK_IBUF_BUFG_inst/I
Min Period        n/a     FDPE/C   n/a            1.000         10.000      9.000      SLICE_X0Y6     ALU_BLOC/O_ALU_RESULT_reg[0]/C
Min Period        n/a     FDCE/C   n/a            1.000         10.000      9.000      SLICE_X0Y6     ALU_BLOC/O_ALU_RESULT_reg[1]/C
Min Period        n/a     FDCE/C   n/a            1.000         10.000      9.000      SLICE_X0Y6     ALU_BLOC/O_FAULT_FLAG_reg/C
Min Period        n/a     FDPE/C   n/a            1.000         10.000      9.000      SLICE_X1Y6     DEC_BLOC/O_ALU_OPCODE_reg[0]/C
Min Period        n/a     FDCE/C   n/a            1.000         10.000      9.000      SLICE_X1Y6     DEC_BLOC/O_ALU_OPCODE_reg[1]/C
Min Period        n/a     FDCE/C   n/a            1.000         10.000      9.000      SLICE_X1Y6     DEC_BLOC/O_DECODE_FAULT_reg/C
Low Pulse Width   Slow    FDPE/C   n/a            0.500         5.000       4.500      SLICE_X0Y6     ALU_BLOC/O_ALU_RESULT_reg[0]/C
Low Pulse Width   Fast    FDPE/C   n/a            0.500         5.000       4.500      SLICE_X0Y6     ALU_BLOC/O_ALU_RESULT_reg[0]/C
Low Pulse Width   Slow    FDCE/C   n/a            0.500         5.000       4.500      SLICE_X0Y6     ALU_BLOC/O_ALU_RESULT_reg[1]/C
Low Pulse Width   Fast    FDCE/C   n/a            0.500         5.000       4.500      SLICE_X0Y6     ALU_BLOC/O_ALU_RESULT_reg[1]/C
Low Pulse Width   Slow    FDCE/C   n/a            0.500         5.000       4.500      SLICE_X0Y6     ALU_BLOC/O_FAULT_FLAG_reg/C
Low Pulse Width   Fast    FDCE/C   n/a            0.500         5.000       4.500      SLICE_X0Y6     ALU_BLOC/O_FAULT_FLAG_reg/C
Low Pulse Width   Slow    FDPE/C   n/a            0.500         5.000       4.500      SLICE_X1Y6     DEC_BLOC/O_ALU_OPCODE_reg[0]/C
Low Pulse Width   Fast    FDPE/C   n/a            0.500         5.000       4.500      SLICE_X1Y6     DEC_BLOC/O_ALU_OPCODE_reg[0]/C
Low Pulse Width   Slow    FDCE/C   n/a            0.500         5.000       4.500      SLICE_X1Y6     DEC_BLOC/O_ALU_OPCODE_reg[1]/C
Low Pulse Width   Fast    FDCE/C   n/a            0.500         5.000       4.500      SLICE_X1Y6     DEC_BLOC/O_ALU_OPCODE_reg[1]/C
High Pulse Width  Slow    FDPE/C   n/a            0.500         5.000       4.500      SLICE_X0Y6     ALU_BLOC/O_ALU_RESULT_reg[0]/C
High Pulse Width  Fast    FDPE/C   n/a            0.500         5.000       4.500      SLICE_X0Y6     ALU_BLOC/O_ALU_RESULT_reg[0]/C
High Pulse Width  Slow    FDCE/C   n/a            0.500         5.000       4.500      SLICE_X0Y6     ALU_BLOC/O_ALU_RESULT_reg[1]/C
High Pulse Width  Fast    FDCE/C   n/a            0.500         5.000       4.500      SLICE_X0Y6     ALU_BLOC/O_ALU_RESULT_reg[1]/C
High Pulse Width  Slow    FDCE/C   n/a            0.500         5.000       4.500      SLICE_X0Y6     ALU_BLOC/O_FAULT_FLAG_reg/C
High Pulse Width  Fast    FDCE/C   n/a            0.500         5.000       4.500      SLICE_X0Y6     ALU_BLOC/O_FAULT_FLAG_reg/C
High Pulse Width  Slow    FDPE/C   n/a            0.500         5.000       4.500      SLICE_X1Y6     DEC_BLOC/O_ALU_OPCODE_reg[0]/C
High Pulse Width  Fast    FDPE/C   n/a            0.500         5.000       4.500      SLICE_X1Y6     DEC_BLOC/O_ALU_OPCODE_reg[0]/C
High Pulse Width  Slow    FDCE/C   n/a            0.500         5.000       4.500      SLICE_X1Y6     DEC_BLOC/O_ALU_OPCODE_reg[1]/C
High Pulse Width  Fast    FDCE/C   n/a            0.500         5.000       4.500      SLICE_X1Y6     DEC_BLOC/O_ALU_OPCODE_reg[1]/C



