Copyright 1986-2022 Xilinx, Inc. All Rights Reserved. Copyright 2022-2026 Advanced Micro Devices, Inc. All Rights Reserved.
----------------------------------------------------------------------------------------------------------------------------------------------------------
| Tool Version : Vivado v.2026.1 (win64) Build 6511674 Tue Jun 16 11:02:23 MDT 2026
| Date         : Thu Oct  1 02:21:30 2026
| Host         : PC1-2D running 64-bit major release  (build 9200)
| Command      : report_timing_summary -delay_type min_max -check_timing_verbose -max_paths 10 -file H:/REIO/V4/VIVADO/BUILD_BULLETINS/reio_v4_timing.rpt
| Design       : reio_l3_decoder
| Device       : xa7a35t-csg324
| Speed File   : -1Q  PRODUCTION 1.16 2018-06-13
| Design State : Routed
----------------------------------------------------------------------------------------------------------------------------------------------------------

Timing Summary Report

------------------------------------------------------------------------------------------------
| Timer Settings
| --------------
------------------------------------------------------------------------------------------------

  Enable Multi Corner Analysis               :  Yes
  Enable Pessimism Removal                   :  Yes
  Pessimism Removal Resolution               :  Nearest Common Node
  Enable Input Delay Default Clock           :  No
  Enable Preset / Clear Arcs                 :  No
  Disable Flight Delays                      :  No
  Ignore I/O Paths                           :  No
  Timing Early Launch at Borrowing Latches   :  No
  Borrow Time for Max Delay Exceptions       :  Yes
  Merge Timing Exceptions                    :  Yes
  Inter-SLR Compensation                     :  Conservative

  Corner  Analyze    Analyze    
  Name    Max Paths  Min Paths  
  ------  ---------  ---------  
  Slow    Yes        Yes        
  Fast    Yes        Yes        


------------------------------------------------------------------------------------------------
| Report Methodology
| ------------------
------------------------------------------------------------------------------------------------

No report available as report_methodology has not been run prior. Run report_methodology on the current design for the summary of methodology violations.



check_timing report

Table of Contents
-----------------
1. checking no_clock (0)
2. checking constant_clock (0)
3. checking pulse_width_clock (0)
4. checking unconstrained_internal_endpoints (0)
5. checking no_input_delay (36)
6. checking no_output_delay (3)
7. checking multiple_clock (0)
8. checking generated_clocks (0)
9. checking loops (0)
10. checking partial_input_delay (0)
11. checking partial_output_delay (0)
12. checking latch_loops (0)

1. checking no_clock (0)
------------------------
 There are 0 register/latch pins with no clock.


2. checking constant_clock (0)
------------------------------
 There are 0 register/latch pins with constant_clock.


3. checking pulse_width_clock (0)
---------------------------------
 There are 0 register/latch pins which need pulse_width check


4. checking unconstrained_internal_endpoints (0)
------------------------------------------------
 There are 0 pins that are not constrained for maximum delay.

 There are 0 pins that are not constrained for maximum delay due to constant clock.


5. checking no_input_delay (36)
-------------------------------
 There are 35 input ports with no input delay specified. (HIGH)

I_PADDR[0]
I_PADDR[10]
I_PADDR[11]
I_PADDR[12]
I_PADDR[13]
I_PADDR[14]
I_PADDR[15]
I_PADDR[16]
I_PADDR[17]
I_PADDR[18]
I_PADDR[19]
I_PADDR[1]
I_PADDR[20]
I_PADDR[21]
I_PADDR[22]
I_PADDR[23]
I_PADDR[24]
I_PADDR[25]
I_PADDR[26]
I_PADDR[27]
I_PADDR[28]
I_PADDR[29]
I_PADDR[2]
I_PADDR[30]
I_PADDR[31]
I_PADDR[3]
I_PADDR[4]
I_PADDR[5]
I_PADDR[6]
I_PADDR[7]
I_PADDR[8]
I_PADDR[9]
I_PENABLE
I_PSEL
I_PWRITE

 There is 1 input port with no input delay but user has a false path constraint. (MEDIUM)

RESETn


6. checking no_output_delay (3)
-------------------------------
 There are 3 ports with no output delay specified. (HIGH)

O_CLAMPED_EN
O_SECURE_LATCH
O_TRIVALENT_FAULT

 There are 0 ports with no output delay but user has a false path constraint

 There are 0 ports with no output delay but with a timing clock defined on it or propagating through it


7. checking multiple_clock (0)
------------------------------
 There are 0 register/latch pins with multiple clocks.


8. checking generated_clocks (0)
--------------------------------
 There are 0 generated clocks that are not connected to a clock source.


9. checking loops (0)
---------------------
 There are 0 combinational loops in the design.


10. checking partial_input_delay (0)
------------------------------------
 There are 0 input ports with partial input delay specified.


11. checking partial_output_delay (0)
-------------------------------------
 There are 0 ports with partial output delay specified.


12. checking latch_loops (0)
----------------------------
 There are 0 combinational latch loops in the design through latch input



------------------------------------------------------------------------------------------------
| Design Timing Summary
| ---------------------
------------------------------------------------------------------------------------------------

    WNS(ns)      TNS(ns)  TNS Failing Endpoints  TNS Total Endpoints      WHS(ns)      THS(ns)  THS Failing Endpoints  THS Total Endpoints     WPWS(ns)     TPWS(ns)  TPWS Failing Endpoints  TPWS Total Endpoints  
    -------      -------  ---------------------  -------------------      -------      -------  ---------------------  -------------------     --------     --------  ----------------------  --------------------  
      7.517        0.000                      0                    1        0.880        0.000                      0                    1        4.500        0.000                       0                     2  


All user specified timing constraints are met.


------------------------------------------------------------------------------------------------
| Clock Summary
| -------------
------------------------------------------------------------------------------------------------

Clock           Waveform(ns)       Period(ns)      Frequency(MHz)
-----           ------------       ----------      --------------
clk_sys_domain  {0.000 5.000}      10.000          100.000         


------------------------------------------------------------------------------------------------
| Intra Clock Table
| -----------------
------------------------------------------------------------------------------------------------

Clock               WNS(ns)      TNS(ns)  TNS Failing Endpoints  TNS Total Endpoints      WHS(ns)      THS(ns)  THS Failing Endpoints  THS Total Endpoints     WPWS(ns)     TPWS(ns)  TPWS Failing Endpoints  TPWS Total Endpoints  
-----               -------      -------  ---------------------  -------------------      -------      -------  ---------------------  -------------------     --------     --------  ----------------------  --------------------  
clk_sys_domain        7.517        0.000                      0                    1        0.880        0.000                      0                    1        4.500        0.000                       0                     2  


------------------------------------------------------------------------------------------------
| Inter Clock Table
| -----------------
------------------------------------------------------------------------------------------------

From Clock    To Clock          WNS(ns)      TNS(ns)  TNS Failing Endpoints  TNS Total Endpoints      WHS(ns)      THS(ns)  THS Failing Endpoints  THS Total Endpoints  
----------    --------          -------      -------  ---------------------  -------------------      -------      -------  ---------------------  -------------------  


------------------------------------------------------------------------------------------------
| Other Path Groups Table
| -----------------------
------------------------------------------------------------------------------------------------

Path Group    From Clock    To Clock          WNS(ns)      TNS(ns)  TNS Failing Endpoints  TNS Total Endpoints      WHS(ns)      THS(ns)  THS Failing Endpoints  THS Total Endpoints  
----------    ----------    --------          -------      -------  ---------------------  -------------------      -------      -------  ---------------------  -------------------  


------------------------------------------------------------------------------------------------
| Timing Details
| --------------
------------------------------------------------------------------------------------------------


---------------------------------------------------------------------------------------------------
From Clock:  clk_sys_domain
  To Clock:  clk_sys_domain

Setup :            0  Failing Endpoints,  Worst Slack        7.517ns,  Total Violation        0.000ns
Hold  :            0  Failing Endpoints,  Worst Slack        0.880ns,  Total Violation        0.000ns
PW    :            0  Failing Endpoints,  Worst Slack        4.500ns,  Total Violation        0.000ns
---------------------------------------------------------------------------------------------------


Max Delay Paths
--------------------------------------------------------------------------------------
Slack (MET) :             7.517ns  (required time - arrival time)
  Source:                 r_fault_latch_reg/C
                            (rising edge-triggered cell FDCE clocked by clk_sys_domain  {rise@0.000ns fall@5.000ns period=10.000ns})
  Destination:            r_fault_latch_reg/D
                            (rising edge-triggered cell FDCE clocked by clk_sys_domain  {rise@0.000ns fall@5.000ns period=10.000ns})
  Path Group:             clk_sys_domain
  Path Type:              Setup (Max at Slow Process Corner)
  Requirement:            10.000ns  (clk_sys_domain rise@10.000ns - clk_sys_domain rise@0.000ns)
  Data Path Delay:        2.417ns  (logic 0.642ns (26.565%)  route 1.775ns (73.435%))
  Logic Levels:           1  (LUT2=1)
  Clock Path Skew:        0.000ns (DCD - SCD + CPR)
    Destination Clock Delay (DCD):    4.812ns = ( 14.812 - 10.000 ) 
    Source Clock Delay      (SCD):    5.219ns
    Clock Pessimism Removal (CPR):    0.407ns
  Clock Uncertainty:      0.035ns  ((TSJ^2 + TIJ^2)^1/2 + DJ) / 2 + PE
    Total System Jitter     (TSJ):    0.071ns
    Total Input Jitter      (TIJ):    0.000ns
    Discrete Jitter          (DJ):    0.000ns
    Phase Error              (PE):    0.000ns

    Location             Delay type                Incr(ns)  Path(ns)    PBlock               Netlist Resource(s)
  -------------------------------------------------------------------    ----------------------------------------
                         (clock clk_sys_domain rise edge)
                                                      0.000     0.000 r                       <hidden>
    N15                                               0.000     0.000 r                       CLK
                         net (fo=0)                   0.000     0.000                         CLK
    N15                  IBUF (Prop_ibuf_I_O)         1.587     1.587 r                       CLK_IBUF_inst/O
                         net (fo=1, routed)           1.972     3.558                         CLK_IBUF
    BUFGCTRL_X0Y0        BUFG (Prop_bufg_I_O)         0.096     3.654 r                       CLK_IBUF_BUFG_inst/O
                         net (fo=1, routed)           1.564     5.219                         CLK_IBUF_BUFG
    SLICE_X10Y35         FDCE                                         r  pblock_R_Sel         r_fault_latch_reg/C
  -------------------------------------------------------------------    ----------------------------------------
    SLICE_X10Y35         FDCE (Prop_fdce_C_Q)         0.518     5.737 r  pblock_R_Sel         r_fault_latch_reg/Q
                         net (fo=4, routed)           1.050     6.787                         r_fault_latch
    SLICE_X1Y35          LUT2 (Prop_lut2_I1_O)        0.124     6.911 r                       r_fault_latch_i_1/O
                         net (fo=1, routed)           0.724     7.635                         r_fault_latch_i_1_n_0
    SLICE_X10Y35         FDCE                                         r  pblock_R_Sel         r_fault_latch_reg/D
  -------------------------------------------------------------------    ----------------------------------------

                         (clock clk_sys_domain rise edge)
                                                     10.000    10.000 r                       <hidden>
    N15                                               0.000    10.000 r                       CLK
                         net (fo=0)                   0.000    10.000                         CLK
    N15                  IBUF (Prop_ibuf_I_O)         1.406    11.406 r                       CLK_IBUF_inst/O
                         net (fo=1, routed)           1.868    13.274                         CLK_IBUF
    BUFGCTRL_X0Y0        BUFG (Prop_bufg_I_O)         0.091    13.365 r                       CLK_IBUF_BUFG_inst/O
                         net (fo=1, routed)           1.446    14.812                         CLK_IBUF_BUFG
    SLICE_X10Y35         FDCE                                         r  pblock_R_Sel         r_fault_latch_reg/C
                         clock pessimism              0.407    15.219                           <hidden>
                         clock uncertainty           -0.035    15.183                           <hidden>
    SLICE_X10Y35         FDCE (Setup_fdce_C_D)       -0.031    15.152    pblock_R_Sel           r_fault_latch_reg
  -------------------------------------------------------------------
                         required time                         15.152                           <hidden>
                         arrival time                          -7.635                           <hidden>
  -------------------------------------------------------------------
                         slack                                  7.517                           <hidden>





Min Delay Paths
--------------------------------------------------------------------------------------
Slack (MET) :             0.880ns  (arrival time - required time)
  Source:                 r_fault_latch_reg/C
                            (rising edge-triggered cell FDCE clocked by clk_sys_domain  {rise@0.000ns fall@5.000ns period=10.000ns})
  Destination:            r_fault_latch_reg/D
                            (rising edge-triggered cell FDCE clocked by clk_sys_domain  {rise@0.000ns fall@5.000ns period=10.000ns})
  Path Group:             clk_sys_domain
  Path Type:              Hold (Min at Fast Process Corner)
  Requirement:            0.000ns  (clk_sys_domain rise@0.000ns - clk_sys_domain rise@0.000ns)
  Data Path Delay:        0.939ns  (logic 0.209ns (22.265%)  route 0.730ns (77.735%))
  Logic Levels:           1  (LUT2=1)
  Clock Path Skew:        0.000ns (DCD - SCD - CPR)
    Destination Clock Delay (DCD):    1.981ns
    Source Clock Delay      (SCD):    1.466ns
    Clock Pessimism Removal (CPR):    0.514ns

    Location             Delay type                Incr(ns)  Path(ns)    PBlock               Netlist Resource(s)
  -------------------------------------------------------------------    ----------------------------------------
                         (clock clk_sys_domain rise edge)
                                                      0.000     0.000 r                       <hidden>
    N15                                               0.000     0.000 r                       CLK
                         net (fo=0)                   0.000     0.000                         CLK
    N15                  IBUF (Prop_ibuf_I_O)         0.245     0.245 r                       CLK_IBUF_inst/O
                         net (fo=1, routed)           0.634     0.879                         CLK_IBUF
    BUFGCTRL_X0Y0        BUFG (Prop_bufg_I_O)         0.026     0.905 r                       CLK_IBUF_BUFG_inst/O
                         net (fo=1, routed)           0.562     1.466                         CLK_IBUF_BUFG
    SLICE_X10Y35         FDCE                                         r  pblock_R_Sel         r_fault_latch_reg/C
  -------------------------------------------------------------------    ----------------------------------------
    SLICE_X10Y35         FDCE (Prop_fdce_C_Q)         0.164     1.630 r  pblock_R_Sel         r_fault_latch_reg/Q
                         net (fo=4, routed)           0.422     2.053                         r_fault_latch
    SLICE_X1Y35          LUT2 (Prop_lut2_I1_O)        0.045     2.098 r                       r_fault_latch_i_1/O
                         net (fo=1, routed)           0.307     2.405                         r_fault_latch_i_1_n_0
    SLICE_X10Y35         FDCE                                         r  pblock_R_Sel         r_fault_latch_reg/D
  -------------------------------------------------------------------    ----------------------------------------

                         (clock clk_sys_domain rise edge)
                                                      0.000     0.000 r                       <hidden>
    N15                                               0.000     0.000 r                       CLK
                         net (fo=0)                   0.000     0.000                         CLK
    N15                  IBUF (Prop_ibuf_I_O)         0.433     0.433 r                       CLK_IBUF_inst/O
                         net (fo=1, routed)           0.689     1.121                         CLK_IBUF
    BUFGCTRL_X0Y0        BUFG (Prop_bufg_I_O)         0.029     1.150 r                       CLK_IBUF_BUFG_inst/O
                         net (fo=1, routed)           0.831     1.981                         CLK_IBUF_BUFG
    SLICE_X10Y35         FDCE                                         r  pblock_R_Sel         r_fault_latch_reg/C
                         clock pessimism             -0.514     1.466                           <hidden>
    SLICE_X10Y35         FDCE (Hold_fdce_C_D)         0.059     1.525    pblock_R_Sel           r_fault_latch_reg
  -------------------------------------------------------------------
                         required time                         -1.525                           <hidden>
                         arrival time                           2.405                           <hidden>
  -------------------------------------------------------------------
                         slack                                  0.880                           <hidden>





Pulse Width Checks
--------------------------------------------------------------------------------------
Clock Name:         clk_sys_domain
Waveform(ns):       { 0.000 5.000 }
Period(ns):         10.000
Sources:            { CLK }

Check Type        Corner  Lib Pin  Reference Pin  Required(ns)  Actual(ns)  Slack(ns)  Location       Pin
Min Period        n/a     BUFG/I   n/a            2.155         10.000      7.845      BUFGCTRL_X0Y0  CLK_IBUF_BUFG_inst/I
Min Period        n/a     FDCE/C   n/a            1.000         10.000      9.000      SLICE_X10Y35   r_fault_latch_reg/C
Low Pulse Width   Slow    FDCE/C   n/a            0.500         5.000       4.500      SLICE_X10Y35   r_fault_latch_reg/C
Low Pulse Width   Fast    FDCE/C   n/a            0.500         5.000       4.500      SLICE_X10Y35   r_fault_latch_reg/C
High Pulse Width  Slow    FDCE/C   n/a            0.500         5.000       4.500      SLICE_X10Y35   r_fault_latch_reg/C
High Pulse Width  Fast    FDCE/C   n/a            0.500         5.000       4.500      SLICE_X10Y35   r_fault_latch_reg/C



