Copyright 1986-2022 Xilinx, Inc. All Rights Reserved. Copyright 2022-2026 Advanced Micro Devices, Inc. All Rights Reserved.
---------------------------------------------------------------------------------------------------------------------------------------------
| Tool Version : Vivado v.2026.1 (win64) Build 6511674 Tue Jun 16 11:02:23 MDT 2026
| Date         : Wed Sep 30 19:43:18 2026
| Host         : PC1-2D running 64-bit major release  (build 9200)
| Command      : report_timing_summary -file H:/REIO/CHAIN/reio_chain_timing_summary_routed.rpt
| Design       : reio_chain_top
| Device       : 7a12tl-cpg238
| Speed File   : -2L  PRODUCTION 1.14 2018-01-25
| Design State : Physopt postRoute
---------------------------------------------------------------------------------------------------------------------------------------------

Timing Summary Report

------------------------------------------------------------------------------------------------
| Timer Settings
| --------------
------------------------------------------------------------------------------------------------

  Enable Multi Corner Analysis               :  Yes
  Enable Pessimism Removal                   :  Yes
  Pessimism Removal Resolution               :  Nearest Common Node
  Enable Input Delay Default Clock           :  No
  Enable Preset / Clear Arcs                 :  No
  Disable Flight Delays                      :  No
  Ignore I/O Paths                           :  No
  Timing Early Launch at Borrowing Latches   :  No
  Borrow Time for Max Delay Exceptions       :  Yes
  Merge Timing Exceptions                    :  Yes
  Inter-SLR Compensation                     :  Conservative

  Corner  Analyze    Analyze    
  Name    Max Paths  Min Paths  
  ------  ---------  ---------  
  Slow    Yes        Yes        
  Fast    Yes        Yes        


------------------------------------------------------------------------------------------------
| Report Methodology
| ------------------
------------------------------------------------------------------------------------------------

Rule       Severity  Description                    Violations  
---------  --------  -----------------------------  ----------  
TIMING-9   Warning   Unknown CDC Logic              1           
TIMING-18  Warning   Missing input or output delay  33          

Note: This report is based on the most recent report_methodology run and may not be up-to-date. Run report_methodology on the current design for the latest report.



check_timing report

Table of Contents
-----------------
1. checking no_clock (0)
2. checking constant_clock (0)
3. checking pulse_width_clock (0)
4. checking unconstrained_internal_endpoints (0)
5. checking no_input_delay (1)
6. checking no_output_delay (32)
7. checking multiple_clock (0)
8. checking generated_clocks (0)
9. checking loops (0)
10. checking partial_input_delay (0)
11. checking partial_output_delay (0)
12. checking latch_loops (0)

1. checking no_clock (0)
------------------------
 There are 0 register/latch pins with no clock.


2. checking constant_clock (0)
------------------------------
 There are 0 register/latch pins with constant_clock.


3. checking pulse_width_clock (0)
---------------------------------
 There are 0 register/latch pins which need pulse_width check


4. checking unconstrained_internal_endpoints (0)
------------------------------------------------
 There are 0 pins that are not constrained for maximum delay.

 There are 0 pins that are not constrained for maximum delay due to constant clock.


5. checking no_input_delay (1)
------------------------------
 There is 1 input port with no input delay specified. (HIGH)

 There are 0 input ports with no input delay but user has a false path constraint.


6. checking no_output_delay (32)
--------------------------------
 There are 32 ports with no output delay specified. (HIGH)

 There are 0 ports with no output delay but user has a false path constraint

 There are 0 ports with no output delay but with a timing clock defined on it or propagating through it


7. checking multiple_clock (0)
------------------------------
 There are 0 register/latch pins with multiple clocks.


8. checking generated_clocks (0)
--------------------------------
 There are 0 generated clocks that are not connected to a clock source.


9. checking loops (0)
---------------------
 There are 0 combinational loops in the design.


10. checking partial_input_delay (0)
------------------------------------
 There are 0 input ports with partial input delay specified.


11. checking partial_output_delay (0)
-------------------------------------
 There are 0 ports with partial output delay specified.


12. checking latch_loops (0)
----------------------------
 There are 0 combinational latch loops in the design through latch input



------------------------------------------------------------------------------------------------
| Design Timing Summary
| ---------------------
------------------------------------------------------------------------------------------------

    WNS(ns)      TNS(ns)  TNS Failing Endpoints  TNS Total Endpoints      WHS(ns)      THS(ns)  THS Failing Endpoints  THS Total Endpoints     WPWS(ns)     TPWS(ns)  TPWS Failing Endpoints  TPWS Total Endpoints  
    -------      -------  ---------------------  -------------------      -------      -------  ---------------------  -------------------     --------     --------  ----------------------  --------------------  
      0.860        0.000                      0                   32        0.347        0.000                      0                   32        1.462        0.000                       0                    66  


All user specified timing constraints are met.


------------------------------------------------------------------------------------------------
| Clock Summary
| -------------
------------------------------------------------------------------------------------------------

Clock           Waveform(ns)         Period(ns)      Frequency(MHz)
-----           ------------         ----------      --------------
clk_net_domain  {0.000 2.000}        4.000           250.000         
clk_sys_domain  {0.000 5.000}        10.000          100.000         


------------------------------------------------------------------------------------------------
| Intra Clock Table
| -----------------
------------------------------------------------------------------------------------------------

Clock               WNS(ns)      TNS(ns)  TNS Failing Endpoints  TNS Total Endpoints      WHS(ns)      THS(ns)  THS Failing Endpoints  THS Total Endpoints     WPWS(ns)     TPWS(ns)  TPWS Failing Endpoints  TPWS Total Endpoints  
-----               -------      -------  ---------------------  -------------------      -------      -------  ---------------------  -------------------     --------     --------  ----------------------  --------------------  
clk_net_domain        0.860        0.000                      0                   32        0.347        0.000                      0                   32        1.462        0.000                       0                    33  
clk_sys_domain                                                                                                                                                    4.500        0.000                       0                    33  


------------------------------------------------------------------------------------------------
| Inter Clock Table
| -----------------
------------------------------------------------------------------------------------------------

From Clock    To Clock          WNS(ns)      TNS(ns)  TNS Failing Endpoints  TNS Total Endpoints      WHS(ns)      THS(ns)  THS Failing Endpoints  THS Total Endpoints  
----------    --------          -------      -------  ---------------------  -------------------      -------      -------  ---------------------  -------------------  


------------------------------------------------------------------------------------------------
| Other Path Groups Table
| -----------------------
------------------------------------------------------------------------------------------------

Path Group    From Clock    To Clock          WNS(ns)      TNS(ns)  TNS Failing Endpoints  TNS Total Endpoints      WHS(ns)      THS(ns)  THS Failing Endpoints  THS Total Endpoints  
----------    ----------    --------          -------      -------  ---------------------  -------------------      -------      -------  ---------------------  -------------------  


------------------------------------------------------------------------------------------------
| Timing Details
| --------------
------------------------------------------------------------------------------------------------


---------------------------------------------------------------------------------------------------
From Clock:  clk_net_domain
  To Clock:  clk_net_domain

Setup :            0  Failing Endpoints,  Worst Slack        0.860ns,  Total Violation        0.000ns
Hold  :            0  Failing Endpoints,  Worst Slack        0.347ns,  Total Violation        0.000ns
PW    :            0  Failing Endpoints,  Worst Slack        1.462ns,  Total Violation        0.000ns
---------------------------------------------------------------------------------------------------


Max Delay Paths
--------------------------------------------------------------------------------------
Slack (MET) :             0.860ns  (required time - arrival time)
  Source:                 r_counter_clean_reg[0]/C
                            (rising edge-triggered cell FDRE clocked by clk_net_domain  {rise@0.000ns fall@2.000ns period=4.000ns})
  Destination:            r_counter_clean_reg[29]/D
                            (rising edge-triggered cell FDRE clocked by clk_net_domain  {rise@0.000ns fall@2.000ns period=4.000ns})
  Path Group:             clk_net_domain
  Path Type:              Setup (Max at Slow Process Corner)
  Requirement:            4.000ns  (clk_net_domain rise@4.000ns - clk_net_domain rise@0.000ns)
  Data Path Delay:        3.151ns  (logic 2.573ns (81.648%)  route 0.578ns (18.352%))
  Logic Levels:           9  (CARRY4=8 LUT1=1)
  Clock Path Skew:        -0.041ns (DCD - SCD + CPR)
    Destination Clock Delay (DCD):    5.320ns = ( 9.320 - 4.000 ) 
    Source Clock Delay      (SCD):    5.851ns
    Clock Pessimism Removal (CPR):    0.489ns
  Clock Uncertainty:      0.035ns  ((TSJ^2 + TIJ^2)^1/2 + DJ) / 2 + PE
    Total System Jitter     (TSJ):    0.071ns
    Total Input Jitter      (TIJ):    0.000ns
    Discrete Jitter          (DJ):    0.000ns
    Phase Error              (PE):    0.000ns

    Location             Delay type                Incr(ns)  Path(ns)    Netlist Resource(s)
  -------------------------------------------------------------------    -------------------
                         (clock clk_net_domain rise edge)
                                                      0.000     0.000 r  <hidden>
    B16                                               0.000     0.000 r  phy_rx_clk_buffered
                         net (fo=0)                   0.000     0.000    phy_rx_clk_buffered
    B16                  IBUF (Prop_ibuf_I_O)         1.657     1.657 r  phy_rx_clk_buffered_IBUF_inst/O
                         net (fo=1, routed)           2.150     3.807    phy_rx_clk_buffered_IBUF
    BUFGCTRL_X0Y17       BUFG (Prop_bufg_I_O)         0.138     3.945 r  phy_rx_clk_buffered_IBUF_BUFG_inst/O
                         net (fo=32, routed)          1.906     5.851    phy_rx_clk_buffered_IBUF_BUFG
    SLICE_X0Y13          FDRE                                         r  r_counter_clean_reg[0]/C
  -------------------------------------------------------------------    -------------------
    SLICE_X0Y13          FDRE (Prop_fdre_C_Q)         0.536     6.387 f  r_counter_clean_reg[0]/Q
                         net (fo=2, routed)           0.578     6.965    r_counter_clean_reg[0]
    SLICE_X0Y13          LUT1 (Prop_lut1_I0_O)        0.148     7.113 r  r_counter_clean[0]_i_3/O
                         net (fo=1, routed)           0.000     7.113    r_counter_clean[0]_i_3_n_0
    SLICE_X0Y13          CARRY4 (Prop_carry4_S[0]_CO[3])
                                                      0.651     7.764 r  r_counter_clean_reg[0]_i_2/CO[3]
                         net (fo=1, routed)           0.000     7.764    r_counter_clean_reg[0]_i_2_n_0
    SLICE_X0Y14          CARRY4 (Prop_carry4_CI_CO[3])
                                                      0.139     7.903 r  r_counter_clean_reg[4]_i_1/CO[3]
                         net (fo=1, routed)           0.000     7.903    r_counter_clean_reg[4]_i_1_n_0
    SLICE_X0Y15          CARRY4 (Prop_carry4_CI_CO[3])
                                                      0.139     8.042 r  r_counter_clean_reg[8]_i_1/CO[3]
                         net (fo=1, routed)           0.000     8.042    r_counter_clean_reg[8]_i_1_n_0
    SLICE_X0Y16          CARRY4 (Prop_carry4_CI_CO[3])
                                                      0.139     8.181 r  r_counter_clean_reg[12]_i_1/CO[3]
                         net (fo=1, routed)           0.000     8.181    r_counter_clean_reg[12]_i_1_n_0
    SLICE_X0Y17          CARRY4 (Prop_carry4_CI_CO[3])
                                                      0.139     8.320 r  r_counter_clean_reg[16]_i_1/CO[3]
                         net (fo=1, routed)           0.000     8.320    r_counter_clean_reg[16]_i_1_n_0
    SLICE_X0Y18          CARRY4 (Prop_carry4_CI_CO[3])
                                                      0.139     8.459 r  r_counter_clean_reg[20]_i_1/CO[3]
                         net (fo=1, routed)           0.000     8.459    r_counter_clean_reg[20]_i_1_n_0
    SLICE_X0Y19          CARRY4 (Prop_carry4_CI_CO[3])
                                                      0.139     8.598 r  r_counter_clean_reg[24]_i_1/CO[3]
                         net (fo=1, routed)           0.000     8.598    r_counter_clean_reg[24]_i_1_n_0
    SLICE_X0Y20          CARRY4 (Prop_carry4_CI_O[1])
                                                      0.404     9.002 r  r_counter_clean_reg[28]_i_1/O[1]
                         net (fo=1, routed)           0.000     9.002    r_counter_clean_reg[28]_i_1_n_6
    SLICE_X0Y20          FDRE                                         r  r_counter_clean_reg[29]/D
  -------------------------------------------------------------------    -------------------

                         (clock clk_net_domain rise edge)
                                                      4.000     4.000 r  <hidden>
    B16                                               0.000     4.000 r  phy_rx_clk_buffered
                         net (fo=0)                   0.000     4.000    phy_rx_clk_buffered
    B16                  IBUF (Prop_ibuf_I_O)         1.518     5.518 r  phy_rx_clk_buffered_IBUF_inst/O
                         net (fo=1, routed)           1.979     7.497    phy_rx_clk_buffered_IBUF
    BUFGCTRL_X0Y17       BUFG (Prop_bufg_I_O)         0.124     7.621 r  phy_rx_clk_buffered_IBUF_BUFG_inst/O
                         net (fo=32, routed)          1.699     9.320    phy_rx_clk_buffered_IBUF_BUFG
    SLICE_X0Y20          FDRE                                         r  r_counter_clean_reg[29]/C
                         clock pessimism              0.489     9.810    <hidden>
                         clock uncertainty           -0.035     9.774    <hidden>
    SLICE_X0Y20          FDRE (Setup_fdre_C_D)        0.088     9.862    r_counter_clean_reg[29]
  -------------------------------------------------------------------
                         required time                          9.862    <hidden>
                         arrival time                          -9.002    <hidden>
  -------------------------------------------------------------------
                         slack                                  0.860    <hidden>





Min Delay Paths
--------------------------------------------------------------------------------------
Slack (MET) :             0.347ns  (arrival time - required time)
  Source:                 r_counter_clean_reg[30]/C
                            (rising edge-triggered cell FDRE clocked by clk_net_domain  {rise@0.000ns fall@2.000ns period=4.000ns})
  Destination:            r_counter_clean_reg[30]/D
                            (rising edge-triggered cell FDRE clocked by clk_net_domain  {rise@0.000ns fall@2.000ns period=4.000ns})
  Path Group:             clk_net_domain
  Path Type:              Hold (Min at Fast Process Corner)
  Requirement:            0.000ns  (clk_net_domain rise@0.000ns - clk_net_domain rise@0.000ns)
  Data Path Delay:        0.490ns  (logic 0.346ns (70.634%)  route 0.144ns (29.366%))
  Logic Levels:           1  (CARRY4=1)
  Clock Path Skew:        0.000ns (DCD - SCD - CPR)
    Destination Clock Delay (DCD):    2.342ns
    Source Clock Delay      (SCD):    1.725ns
    Clock Pessimism Removal (CPR):    0.618ns

    Location             Delay type                Incr(ns)  Path(ns)    Netlist Resource(s)
  -------------------------------------------------------------------    -------------------
                         (clock clk_net_domain rise edge)
                                                      0.000     0.000 r  <hidden>
    B16                                               0.000     0.000 r  phy_rx_clk_buffered
                         net (fo=0)                   0.000     0.000    phy_rx_clk_buffered
    B16                  IBUF (Prop_ibuf_I_O)         0.308     0.308 r  phy_rx_clk_buffered_IBUF_inst/O
                         net (fo=1, routed)           0.572     0.880    phy_rx_clk_buffered_IBUF
    BUFGCTRL_X0Y17       BUFG (Prop_bufg_I_O)         0.044     0.924 r  phy_rx_clk_buffered_IBUF_BUFG_inst/O
                         net (fo=32, routed)          0.801     1.725    phy_rx_clk_buffered_IBUF_BUFG
    SLICE_X0Y20          FDRE                                         r  r_counter_clean_reg[30]/C
  -------------------------------------------------------------------    -------------------
    SLICE_X0Y20          FDRE (Prop_fdre_C_Q)         0.193     1.918 r  r_counter_clean_reg[30]/Q
                         net (fo=2, routed)           0.144     2.061    r_counter_clean_reg[30]
    SLICE_X0Y20          CARRY4 (Prop_carry4_S[2]_O[2])
                                                      0.153     2.214 r  r_counter_clean_reg[28]_i_1/O[2]
                         net (fo=1, routed)           0.000     2.214    r_counter_clean_reg[28]_i_1_n_5
    SLICE_X0Y20          FDRE                                         r  r_counter_clean_reg[30]/D
  -------------------------------------------------------------------    -------------------

                         (clock clk_net_domain rise edge)
                                                      0.000     0.000 r  <hidden>
    B16                                               0.000     0.000 r  phy_rx_clk_buffered
                         net (fo=0)                   0.000     0.000    phy_rx_clk_buffered
    B16                  IBUF (Prop_ibuf_I_O)         0.569     0.569 r  phy_rx_clk_buffered_IBUF_inst/O
                         net (fo=1, routed)           0.607     1.176    phy_rx_clk_buffered_IBUF
    BUFGCTRL_X0Y17       BUFG (Prop_bufg_I_O)         0.046     1.222 r  phy_rx_clk_buffered_IBUF_BUFG_inst/O
                         net (fo=32, routed)          1.120     2.342    phy_rx_clk_buffered_IBUF_BUFG
    SLICE_X0Y20          FDRE                                         r  r_counter_clean_reg[30]/C
                         clock pessimism             -0.618     1.725    <hidden>
    SLICE_X0Y20          FDRE (Hold_fdre_C_D)         0.143     1.868    r_counter_clean_reg[30]
  -------------------------------------------------------------------
                         required time                         -1.868    <hidden>
                         arrival time                           2.214    <hidden>
  -------------------------------------------------------------------
                         slack                                  0.347    <hidden>





Pulse Width Checks
--------------------------------------------------------------------------------------
Clock Name:         clk_net_domain
Waveform(ns):       { 0.000 2.000 }
Period(ns):         4.000
Sources:            { phy_rx_clk_buffered }

Check Type        Corner  Lib Pin  Reference Pin  Required(ns)  Actual(ns)  Slack(ns)  Location        Pin
Min Period        n/a     BUFG/I   n/a            2.538         4.000       1.462      BUFGCTRL_X0Y17  phy_rx_clk_buffered_IBUF_BUFG_inst/I
Low Pulse Width   Slow    FDRE/C   n/a            0.500         2.000       1.500      SLICE_X0Y13     r_counter_clean_reg[0]/C
High Pulse Width  Slow    FDRE/C   n/a            0.500         2.000       1.500      SLICE_X0Y13     r_counter_clean_reg[0]/C



---------------------------------------------------------------------------------------------------
From Clock:  clk_sys_domain
  To Clock:  clk_sys_domain

Setup :           NA  Failing Endpoints,  Worst Slack           NA  ,  Total Violation           NA
Hold  :           NA  Failing Endpoints,  Worst Slack           NA  ,  Total Violation           NA
PW    :            0  Failing Endpoints,  Worst Slack        4.500ns,  Total Violation        0.000ns
---------------------------------------------------------------------------------------------------


Pulse Width Checks
--------------------------------------------------------------------------------------
Clock Name:         clk_sys_domain
Waveform(ns):       { 0.000 5.000 }
Period(ns):         10.000
Sources:            { CLK }

Check Type        Corner  Lib Pin  Reference Pin  Required(ns)  Actual(ns)  Slack(ns)  Location        Pin
Min Period        n/a     BUFG/I   n/a            2.538         10.000      7.462      BUFGCTRL_X0Y16  CLK_IBUF_BUFG_inst/I
Low Pulse Width   Slow    FDRE/C   n/a            0.500         5.000       4.500      SLICE_X0Y6      telemetry_unmatched_blocks_reg[0]/C
High Pulse Width  Slow    FDRE/C   n/a            0.500         5.000       4.500      SLICE_X0Y6      telemetry_unmatched_blocks_reg[0]/C



