Copyright 1986-2022 Xilinx, Inc. All Rights Reserved. Copyright 2022-2026 Advanced Micro Devices, Inc. All Rights Reserved.
---------------------------------------------------------------------------------------------------------------------------------------------
| Tool Version : Vivado v.2026.1 (win64) Build 6511674 Tue Jun 16 11:02:23 MDT 2026
| Date         : Wed Sep 30 00:13:07 2026
| Host         : PC1-2D running 64-bit major release  (build 9200)
| Command      : report_timing_summary -file H:/REIO/UART/reio_uart_power_routed.rpt
| Design       : reio_uart_controller
| Device       : xa7a35t-csg324
| Speed File   : -1Q  PRODUCTION 1.16 2018-06-13
| Design State : Routed
---------------------------------------------------------------------------------------------------------------------------------------------

Timing Summary Report

------------------------------------------------------------------------------------------------
| Timer Settings
| --------------
------------------------------------------------------------------------------------------------

  Enable Multi Corner Analysis               :  Yes
  Enable Pessimism Removal                   :  Yes
  Pessimism Removal Resolution               :  Nearest Common Node
  Enable Input Delay Default Clock           :  No
  Enable Preset / Clear Arcs                 :  No
  Disable Flight Delays                      :  No
  Ignore I/O Paths                           :  No
  Timing Early Launch at Borrowing Latches   :  No
  Borrow Time for Max Delay Exceptions       :  Yes
  Merge Timing Exceptions                    :  Yes
  Inter-SLR Compensation                     :  Conservative

  Corner  Analyze    Analyze    
  Name    Max Paths  Min Paths  
  ------  ---------  ---------  
  Slow    Yes        Yes        
  Fast    Yes        Yes        


------------------------------------------------------------------------------------------------
| Report Methodology
| ------------------
------------------------------------------------------------------------------------------------

Rule       Severity  Description                    Violations  
---------  --------  -----------------------------  ----------  
TIMING-18  Warning   Missing input or output delay  68          

Note: This report is based on the most recent report_methodology run and may not be up-to-date. Run report_methodology on the current design for the latest report.



check_timing report

Table of Contents
-----------------
1. checking no_clock (0)
2. checking constant_clock (0)
3. checking pulse_width_clock (0)
4. checking unconstrained_internal_endpoints (0)
5. checking no_input_delay (10)
6. checking no_output_delay (5)
7. checking multiple_clock (0)
8. checking generated_clocks (0)
9. checking loops (0)
10. checking partial_input_delay (0)
11. checking partial_output_delay (0)
12. checking latch_loops (0)

1. checking no_clock (0)
------------------------
 There are 0 register/latch pins with no clock.


2. checking constant_clock (0)
------------------------------
 There are 0 register/latch pins with constant_clock.


3. checking pulse_width_clock (0)
---------------------------------
 There are 0 register/latch pins which need pulse_width check


4. checking unconstrained_internal_endpoints (0)
------------------------------------------------
 There are 0 pins that are not constrained for maximum delay.

 There are 0 pins that are not constrained for maximum delay due to constant clock.


5. checking no_input_delay (10)
-------------------------------
 There are 10 input ports with no input delay specified. (HIGH)

 There are 0 input ports with no input delay but user has a false path constraint.


6. checking no_output_delay (5)
-------------------------------
 There are 5 ports with no output delay specified. (HIGH)

 There are 0 ports with no output delay but user has a false path constraint

 There are 0 ports with no output delay but with a timing clock defined on it or propagating through it


7. checking multiple_clock (0)
------------------------------
 There are 0 register/latch pins with multiple clocks.


8. checking generated_clocks (0)
--------------------------------
 There are 0 generated clocks that are not connected to a clock source.


9. checking loops (0)
---------------------
 There are 0 combinational loops in the design.


10. checking partial_input_delay (0)
------------------------------------
 There are 0 input ports with partial input delay specified.


11. checking partial_output_delay (0)
-------------------------------------
 There are 0 ports with partial output delay specified.


12. checking latch_loops (0)
----------------------------
 There are 0 combinational latch loops in the design through latch input



------------------------------------------------------------------------------------------------
| Design Timing Summary
| ---------------------
------------------------------------------------------------------------------------------------

    WNS(ns)      TNS(ns)  TNS Failing Endpoints  TNS Total Endpoints      WHS(ns)      THS(ns)  THS Failing Endpoints  THS Total Endpoints     WPWS(ns)     TPWS(ns)  TPWS Failing Endpoints  TPWS Total Endpoints  
    -------      -------  ---------------------  -------------------      -------      -------  ---------------------  -------------------     --------     --------  ----------------------  --------------------  
      5.457        0.000                      0                   41        0.218        0.000                      0                   41        4.500        0.000                       0                    31  


All user specified timing constraints are met.


------------------------------------------------------------------------------------------------
| Clock Summary
| -------------
------------------------------------------------------------------------------------------------

Clock  Waveform(ns)       Period(ns)      Frequency(MHz)
-----  ------------       ----------      --------------
clk    {0.000 5.000}      10.000          100.000         


------------------------------------------------------------------------------------------------
| Intra Clock Table
| -----------------
------------------------------------------------------------------------------------------------

Clock             WNS(ns)      TNS(ns)  TNS Failing Endpoints  TNS Total Endpoints      WHS(ns)      THS(ns)  THS Failing Endpoints  THS Total Endpoints     WPWS(ns)     TPWS(ns)  TPWS Failing Endpoints  TPWS Total Endpoints  
-----             -------      -------  ---------------------  -------------------      -------      -------  ---------------------  -------------------     --------     --------  ----------------------  --------------------  
clk                 5.457        0.000                      0                   41        0.218        0.000                      0                   41        4.500        0.000                       0                    31  


------------------------------------------------------------------------------------------------
| Inter Clock Table
| -----------------
------------------------------------------------------------------------------------------------

From Clock    To Clock          WNS(ns)      TNS(ns)  TNS Failing Endpoints  TNS Total Endpoints      WHS(ns)      THS(ns)  THS Failing Endpoints  THS Total Endpoints  
----------    --------          -------      -------  ---------------------  -------------------      -------      -------  ---------------------  -------------------  


------------------------------------------------------------------------------------------------
| Other Path Groups Table
| -----------------------
------------------------------------------------------------------------------------------------

Path Group    From Clock    To Clock          WNS(ns)      TNS(ns)  TNS Failing Endpoints  TNS Total Endpoints      WHS(ns)      THS(ns)  THS Failing Endpoints  THS Total Endpoints  
----------    ----------    --------          -------      -------  ---------------------  -------------------      -------      -------  ---------------------  -------------------  


------------------------------------------------------------------------------------------------
| Timing Details
| --------------
------------------------------------------------------------------------------------------------


---------------------------------------------------------------------------------------------------
From Clock:  clk
  To Clock:  clk

Setup :            0  Failing Endpoints,  Worst Slack        5.457ns,  Total Violation        0.000ns
Hold  :            0  Failing Endpoints,  Worst Slack        0.218ns,  Total Violation        0.000ns
PW    :            0  Failing Endpoints,  Worst Slack        4.500ns,  Total Violation        0.000ns
---------------------------------------------------------------------------------------------------


Max Delay Paths
--------------------------------------------------------------------------------------
Slack (MET) :             5.457ns  (required time - arrival time)
  Source:                 baud_counter_reg[3]/C
                            (rising edge-triggered cell FDCE clocked by clk  {rise@0.000ns fall@5.000ns period=10.000ns})
  Destination:            FSM_sequential_current_state_reg[1]/D
                            (rising edge-triggered cell FDCE clocked by clk  {rise@0.000ns fall@5.000ns period=10.000ns})
  Path Group:             clk
  Path Type:              Setup (Max at Slow Process Corner)
  Requirement:            10.000ns  (clk rise@10.000ns - clk rise@0.000ns)
  Data Path Delay:        4.559ns  (logic 1.633ns (35.819%)  route 2.926ns (64.181%))
  Logic Levels:           4  (LUT5=3 LUT6=1)
  Clock Path Skew:        -0.026ns (DCD - SCD + CPR)
    Destination Clock Delay (DCD):    4.303ns = ( 14.303 - 10.000 ) 
    Source Clock Delay      (SCD):    4.743ns
    Clock Pessimism Removal (CPR):    0.414ns
  Clock Uncertainty:      0.035ns  ((TSJ^2 + TIJ^2)^1/2 + DJ) / 2 + PE
    Total System Jitter     (TSJ):    0.071ns
    Total Input Jitter      (TIJ):    0.000ns
    Discrete Jitter          (DJ):    0.000ns
    Phase Error              (PE):    0.000ns

    Location             Delay type                Incr(ns)  Path(ns)    Netlist Resource(s)
  -------------------------------------------------------------------    -------------------
                         (clock clk rise edge)        0.000     0.000 r  <hidden>
    F4                                                0.000     0.000 r  CLK
                         net (fo=0)                   0.000     0.000    CLK
    F4                   IBUF (Prop_ibuf_I_O)         1.043     1.043 r  CLK_IBUF_inst/O
                         net (fo=1, routed)           1.967     3.010    CLK_IBUF
    BUFGCTRL_X0Y16       BUFG (Prop_bufg_I_O)         0.096     3.106 r  CLK_IBUF_BUFG_inst/O
                         net (fo=30, routed)          1.637     4.743    CLK_IBUF_BUFG
    SLICE_X2Y38          FDCE                                         r  baud_counter_reg[3]/C
  -------------------------------------------------------------------    -------------------
    SLICE_X2Y38          FDCE (Prop_fdce_C_Q)         0.478     5.221 r  baud_counter_reg[3]/Q
                         net (fo=4, routed)           1.021     6.243    baud_counter_reg_n_0_[3]
    SLICE_X2Y38          LUT5 (Prop_lut5_I3_O)        0.323     6.566 r  FSM_sequential_current_state[0]_i_4/O
                         net (fo=1, routed)           0.555     7.121    FSM_sequential_current_state[0]_i_4_n_0
    SLICE_X3Y36          LUT6 (Prop_lut6_I2_O)        0.348     7.469 f  FSM_sequential_current_state[0]_i_3/O
                         net (fo=9, routed)           0.677     8.146    FSM_sequential_current_state[0]_i_3_n_0
    SLICE_X0Y36          LUT5 (Prop_lut5_I0_O)        0.152     8.298 r  FSM_sequential_current_state[1]_i_5/O
                         net (fo=2, routed)           0.673     8.970    FSM_sequential_current_state[1]_i_5_n_0
    SLICE_X2Y37          LUT5 (Prop_lut5_I3_O)        0.332     9.302 r  FSM_sequential_current_state[1]_i_1/O
                         net (fo=1, routed)           0.000     9.302    FSM_sequential_current_state[1]_i_1_n_0
    SLICE_X2Y37          FDCE                                         r  FSM_sequential_current_state_reg[1]/D
  -------------------------------------------------------------------    -------------------

                         (clock clk rise edge)       10.000    10.000 r  <hidden>
    F4                                                0.000    10.000 r  CLK
                         net (fo=0)                   0.000    10.000    CLK
    F4                   IBUF (Prop_ibuf_I_O)         0.832    10.832 r  CLK_IBUF_inst/O
                         net (fo=1, routed)           1.862    12.694    CLK_IBUF
    BUFGCTRL_X0Y16       BUFG (Prop_bufg_I_O)         0.091    12.785 r  CLK_IBUF_BUFG_inst/O
                         net (fo=30, routed)          1.518    14.303    CLK_IBUF_BUFG
    SLICE_X2Y37          FDCE                                         r  FSM_sequential_current_state_reg[1]/C
                         clock pessimism              0.414    14.717    <hidden>
                         clock uncertainty           -0.035    14.682    <hidden>
    SLICE_X2Y37          FDCE (Setup_fdce_C_D)        0.077    14.759    FSM_sequential_current_state_reg[1]
  -------------------------------------------------------------------
                         required time                         14.759    <hidden>
                         arrival time                          -9.302    <hidden>
  -------------------------------------------------------------------
                         slack                                  5.457    <hidden>





Min Delay Paths
--------------------------------------------------------------------------------------
Slack (MET) :             0.218ns  (arrival time - required time)
  Source:                 baud_counter_reg[0]/C
                            (rising edge-triggered cell FDCE clocked by clk  {rise@0.000ns fall@5.000ns period=10.000ns})
  Destination:            baud_counter_reg[3]/D
                            (rising edge-triggered cell FDCE clocked by clk  {rise@0.000ns fall@5.000ns period=10.000ns})
  Path Group:             clk
  Path Type:              Hold (Min at Fast Process Corner)
  Requirement:            0.000ns  (clk rise@0.000ns - clk rise@0.000ns)
  Data Path Delay:        0.367ns  (logic 0.189ns (51.501%)  route 0.178ns (48.499%))
  Logic Levels:           1  (LUT5=1)
  Clock Path Skew:        0.018ns (DCD - SCD - CPR)
    Destination Clock Delay (DCD):    1.962ns
    Source Clock Delay      (SCD):    1.444ns
    Clock Pessimism Removal (CPR):    0.500ns

    Location             Delay type                Incr(ns)  Path(ns)    Netlist Resource(s)
  -------------------------------------------------------------------    -------------------
                         (clock clk rise edge)        0.000     0.000 r  <hidden>
    F4                                                0.000     0.000 r  CLK
                         net (fo=0)                   0.000     0.000    CLK
    F4                   IBUF (Prop_ibuf_I_O)         0.194     0.194 r  CLK_IBUF_inst/O
                         net (fo=1, routed)           0.631     0.825    CLK_IBUF
    BUFGCTRL_X0Y16       BUFG (Prop_bufg_I_O)         0.026     0.851 r  CLK_IBUF_BUFG_inst/O
                         net (fo=30, routed)          0.593     1.444    CLK_IBUF_BUFG
    SLICE_X3Y36          FDCE                                         r  baud_counter_reg[0]/C
  -------------------------------------------------------------------    -------------------
    SLICE_X3Y36          FDCE (Prop_fdce_C_Q)         0.141     1.585 r  baud_counter_reg[0]/Q
                         net (fo=7, routed)           0.178     1.763    baud_counter_reg_n_0_[0]
    SLICE_X2Y38          LUT5 (Prop_lut5_I3_O)        0.048     1.811 r  baud_counter[3]_i_1/O
                         net (fo=1, routed)           0.000     1.811    baud_counter[3]_i_1_n_0
    SLICE_X2Y38          FDCE                                         r  baud_counter_reg[3]/D
  -------------------------------------------------------------------    -------------------

                         (clock clk rise edge)        0.000     0.000 r  <hidden>
    F4                                                0.000     0.000 r  CLK
                         net (fo=0)                   0.000     0.000    CLK
    F4                   IBUF (Prop_ibuf_I_O)         0.383     0.383 r  CLK_IBUF_inst/O
                         net (fo=1, routed)           0.685     1.068    CLK_IBUF
    BUFGCTRL_X0Y16       BUFG (Prop_bufg_I_O)         0.029     1.097 r  CLK_IBUF_BUFG_inst/O
                         net (fo=30, routed)          0.866     1.962    CLK_IBUF_BUFG
    SLICE_X2Y38          FDCE                                         r  baud_counter_reg[3]/C
                         clock pessimism             -0.500     1.462    <hidden>
    SLICE_X2Y38          FDCE (Hold_fdce_C_D)         0.131     1.593    baud_counter_reg[3]
  -------------------------------------------------------------------
                         required time                         -1.593    <hidden>
                         arrival time                           1.811    <hidden>
  -------------------------------------------------------------------
                         slack                                  0.218    <hidden>





Pulse Width Checks
--------------------------------------------------------------------------------------
Clock Name:         clk
Waveform(ns):       { 0.000 5.000 }
Period(ns):         10.000
Sources:            { CLK }

Check Type        Corner  Lib Pin  Reference Pin  Required(ns)  Actual(ns)  Slack(ns)  Location        Pin
Min Period        n/a     BUFG/I   n/a            2.155         10.000      7.845      BUFGCTRL_X0Y16  CLK_IBUF_BUFG_inst/I
Low Pulse Width   Slow    FDCE/C   n/a            0.500         5.000       4.500      SLICE_X2Y36     FSM_sequential_current_state_reg[0]/C
High Pulse Width  Slow    FDCE/C   n/a            0.500         5.000       4.500      SLICE_X2Y36     FSM_sequential_current_state_reg[0]/C



