Copyright 1986-2022 Xilinx, Inc. All Rights Reserved. Copyright 2022-2026 Advanced Micro Devices, Inc. All Rights Reserved.
---------------------------------------------------------------------------------------------------------------------------------------------
| Tool Version : Vivado v.2026.1 (win64) Build 6511674 Tue Jun 16 11:02:23 MDT 2026
| Date         : Wed Sep 30 20:16:56 2026
| Host         : PC1-2D running 64-bit major release  (build 9200)
| Command      : report_timing_summary -file H:/REIO/AI/reio_ai_timing_summary_routed.rpt
| Design       : reio_ai_supervisor
| Device       : xa7a35t-csg324
| Speed File   : -1Q  PRODUCTION 1.16 2018-06-13
| Design State : Routed
---------------------------------------------------------------------------------------------------------------------------------------------

Timing Summary Report

------------------------------------------------------------------------------------------------
| Timer Settings
| --------------
------------------------------------------------------------------------------------------------

  Enable Multi Corner Analysis               :  Yes
  Enable Pessimism Removal                   :  Yes
  Pessimism Removal Resolution               :  Nearest Common Node
  Enable Input Delay Default Clock           :  No
  Enable Preset / Clear Arcs                 :  No
  Disable Flight Delays                      :  No
  Ignore I/O Paths                           :  No
  Timing Early Launch at Borrowing Latches   :  No
  Borrow Time for Max Delay Exceptions       :  Yes
  Merge Timing Exceptions                    :  Yes
  Inter-SLR Compensation                     :  Conservative

  Corner  Analyze    Analyze    
  Name    Max Paths  Min Paths  
  ------  ---------  ---------  
  Slow    Yes        Yes        
  Fast    Yes        Yes        


------------------------------------------------------------------------------------------------
| Report Methodology
| ------------------
------------------------------------------------------------------------------------------------

Rule       Severity  Description                    Violations  
---------  --------  -----------------------------  ----------  
TIMING-18  Warning   Missing input or output delay  4           

Note: This report is based on the most recent report_methodology run and may not be up-to-date. Run report_methodology on the current design for the latest report.



check_timing report

Table of Contents
-----------------
1. checking no_clock (0)
2. checking constant_clock (0)
3. checking pulse_width_clock (0)
4. checking unconstrained_internal_endpoints (0)
5. checking no_input_delay (66)
6. checking no_output_delay (35)
7. checking multiple_clock (0)
8. checking generated_clocks (0)
9. checking loops (0)
10. checking partial_input_delay (0)
11. checking partial_output_delay (0)
12. checking latch_loops (0)

1. checking no_clock (0)
------------------------
 There are 0 register/latch pins with no clock.


2. checking constant_clock (0)
------------------------------
 There are 0 register/latch pins with constant_clock.


3. checking pulse_width_clock (0)
---------------------------------
 There are 0 register/latch pins which need pulse_width check


4. checking unconstrained_internal_endpoints (0)
------------------------------------------------
 There are 0 pins that are not constrained for maximum delay.

 There are 0 pins that are not constrained for maximum delay due to constant clock.


5. checking no_input_delay (66)
-------------------------------
 There is 1 input port with no input delay specified. (HIGH)

 There are 65 input ports with no input delay but user has a false path constraint. (MEDIUM)


6. checking no_output_delay (35)
--------------------------------
 There are 3 ports with no output delay specified. (HIGH)

 There are 32 ports with no output delay but user has a false path constraint (MEDIUM)

 There are 0 ports with no output delay but with a timing clock defined on it or propagating through it


7. checking multiple_clock (0)
------------------------------
 There are 0 register/latch pins with multiple clocks.


8. checking generated_clocks (0)
--------------------------------
 There are 0 generated clocks that are not connected to a clock source.


9. checking loops (0)
---------------------
 There are 0 combinational loops in the design.


10. checking partial_input_delay (0)
------------------------------------
 There are 0 input ports with partial input delay specified.


11. checking partial_output_delay (0)
-------------------------------------
 There are 0 ports with partial output delay specified.


12. checking latch_loops (0)
----------------------------
 There are 0 combinational latch loops in the design through latch input



------------------------------------------------------------------------------------------------
| Design Timing Summary
| ---------------------
------------------------------------------------------------------------------------------------

    WNS(ns)      TNS(ns)  TNS Failing Endpoints  TNS Total Endpoints      WHS(ns)      THS(ns)  THS Failing Endpoints  THS Total Endpoints     WPWS(ns)     TPWS(ns)  TPWS Failing Endpoints  TPWS Total Endpoints  
    -------      -------  ---------------------  -------------------      -------      -------  ---------------------  -------------------     --------     --------  ----------------------  --------------------  
      7.272        0.000                      0                   71        0.260        0.000                      0                   71        4.500        0.000                       0                    38  


All user specified timing constraints are met.


------------------------------------------------------------------------------------------------
| Clock Summary
| -------------
------------------------------------------------------------------------------------------------

Clock  Waveform(ns)       Period(ns)      Frequency(MHz)
-----  ------------       ----------      --------------
clk    {0.000 5.000}      10.000          100.000         


------------------------------------------------------------------------------------------------
| Intra Clock Table
| -----------------
------------------------------------------------------------------------------------------------

Clock             WNS(ns)      TNS(ns)  TNS Failing Endpoints  TNS Total Endpoints      WHS(ns)      THS(ns)  THS Failing Endpoints  THS Total Endpoints     WPWS(ns)     TPWS(ns)  TPWS Failing Endpoints  TPWS Total Endpoints  
-----             -------      -------  ---------------------  -------------------      -------      -------  ---------------------  -------------------     --------     --------  ----------------------  --------------------  
clk                 7.272        0.000                      0                   71        0.260        0.000                      0                   71        4.500        0.000                       0                    38  


------------------------------------------------------------------------------------------------
| Inter Clock Table
| -----------------
------------------------------------------------------------------------------------------------

From Clock    To Clock          WNS(ns)      TNS(ns)  TNS Failing Endpoints  TNS Total Endpoints      WHS(ns)      THS(ns)  THS Failing Endpoints  THS Total Endpoints  
----------    --------          -------      -------  ---------------------  -------------------      -------      -------  ---------------------  -------------------  


------------------------------------------------------------------------------------------------
| Other Path Groups Table
| -----------------------
------------------------------------------------------------------------------------------------

Path Group    From Clock    To Clock          WNS(ns)      TNS(ns)  TNS Failing Endpoints  TNS Total Endpoints      WHS(ns)      THS(ns)  THS Failing Endpoints  THS Total Endpoints  
----------    ----------    --------          -------      -------  ---------------------  -------------------      -------      -------  ---------------------  -------------------  


------------------------------------------------------------------------------------------------
| Timing Details
| --------------
------------------------------------------------------------------------------------------------


---------------------------------------------------------------------------------------------------
From Clock:  clk
  To Clock:  clk

Setup :            0  Failing Endpoints,  Worst Slack        7.272ns,  Total Violation        0.000ns
Hold  :            0  Failing Endpoints,  Worst Slack        0.260ns,  Total Violation        0.000ns
PW    :            0  Failing Endpoints,  Worst Slack        4.500ns,  Total Violation        0.000ns
---------------------------------------------------------------------------------------------------


Max Delay Paths
--------------------------------------------------------------------------------------
Slack (MET) :             7.272ns  (required time - arrival time)
  Source:                 r_state_v1_reg[1]/C
                            (rising edge-triggered cell FDRE clocked by clk  {rise@0.000ns fall@5.000ns period=10.000ns})
  Destination:            r_prdata_reg[12]/CE
                            (rising edge-triggered cell FDRE clocked by clk  {rise@0.000ns fall@5.000ns period=10.000ns})
  Path Group:             clk
  Path Type:              Setup (Max at Slow Process Corner)
  Requirement:            10.000ns  (clk rise@10.000ns - clk rise@0.000ns)
  Data Path Delay:        2.462ns  (logic 0.773ns (31.400%)  route 1.689ns (68.600%))
  Logic Levels:           1  (LUT2=1)
  Clock Path Skew:        -0.026ns (DCD - SCD + CPR)
    Destination Clock Delay (DCD):    4.880ns = ( 14.880 - 10.000 ) 
    Source Clock Delay      (SCD):    5.289ns
    Clock Pessimism Removal (CPR):    0.383ns
  Clock Uncertainty:      0.035ns  ((TSJ^2 + TIJ^2)^1/2 + DJ) / 2 + PE
    Total System Jitter     (TSJ):    0.071ns
    Total Input Jitter      (TIJ):    0.000ns
    Discrete Jitter          (DJ):    0.000ns
    Phase Error              (PE):    0.000ns

    Location             Delay type                Incr(ns)  Path(ns)    Netlist Resource(s)
  -------------------------------------------------------------------    -------------------
                         (clock clk rise edge)        0.000     0.000 r  <hidden>
    F4                                                0.000     0.000 r  CLK
                         net (fo=0)                   0.000     0.000    CLK
    F4                   IBUF (Prop_ibuf_I_O)         1.590     1.590 r  CLK_IBUF_inst/O
                         net (fo=1, routed)           1.967     3.557    CLK_IBUF
    BUFGCTRL_X0Y16       BUFG (Prop_bufg_I_O)         0.096     3.653 r  CLK_IBUF_BUFG_inst/O
                         net (fo=37, routed)          1.636     5.289    CLK_IBUF_BUFG
    SLICE_X2Y37          FDRE                                         r  r_state_v1_reg[1]/C
  -------------------------------------------------------------------    -------------------
    SLICE_X2Y37          FDRE (Prop_fdre_C_Q)         0.478     5.767 f  r_state_v1_reg[1]/Q
                         net (fo=36, routed)          0.694     6.461    r_state_v1_reg_n_0_[1]
    SLICE_X2Y46          LUT2 (Prop_lut2_I0_O)        0.295     6.756 r  r_prdata[31]_i_2/O
                         net (fo=35, routed)          0.995     7.751    r_quarantine
    SLICE_X1Y35          FDRE                                         r  r_prdata_reg[12]/CE
  -------------------------------------------------------------------    -------------------

                         (clock clk rise edge)       10.000    10.000 r  <hidden>
    F4                                                0.000    10.000 r  CLK
                         net (fo=0)                   0.000    10.000    CLK
    F4                   IBUF (Prop_ibuf_I_O)         1.410    11.410 r  CLK_IBUF_inst/O
                         net (fo=1, routed)           1.862    13.272    CLK_IBUF
    BUFGCTRL_X0Y16       BUFG (Prop_bufg_I_O)         0.091    13.363 r  CLK_IBUF_BUFG_inst/O
                         net (fo=37, routed)          1.517    14.880    CLK_IBUF_BUFG
    SLICE_X1Y35          FDRE                                         r  r_prdata_reg[12]/C
                         clock pessimism              0.383    15.263    <hidden>
                         clock uncertainty           -0.035    15.228    <hidden>
    SLICE_X1Y35          FDRE (Setup_fdre_C_CE)      -0.205    15.023    r_prdata_reg[12]
  -------------------------------------------------------------------
                         required time                         15.023    <hidden>
                         arrival time                          -7.751    <hidden>
  -------------------------------------------------------------------
                         slack                                  7.272    <hidden>





Min Delay Paths
--------------------------------------------------------------------------------------
Slack (MET) :             0.260ns  (arrival time - required time)
  Source:                 r_state_v1_reg[0]/C
                            (rising edge-triggered cell FDRE clocked by clk  {rise@0.000ns fall@5.000ns period=10.000ns})
  Destination:            r_pslverr_reg/D
                            (rising edge-triggered cell FDRE clocked by clk  {rise@0.000ns fall@5.000ns period=10.000ns})
  Path Group:             clk
  Path Type:              Hold (Min at Fast Process Corner)
  Requirement:            0.000ns  (clk rise@0.000ns - clk rise@0.000ns)
  Data Path Delay:        0.394ns  (logic 0.209ns (53.023%)  route 0.185ns (46.977%))
  Logic Levels:           1  (LUT2=1)
  Clock Path Skew:        0.014ns (DCD - SCD - CPR)
    Destination Clock Delay (DCD):    2.012ns
    Source Clock Delay      (SCD):    1.499ns
    Clock Pessimism Removal (CPR):    0.499ns

    Location             Delay type                Incr(ns)  Path(ns)    Netlist Resource(s)
  -------------------------------------------------------------------    -------------------
                         (clock clk rise edge)        0.000     0.000 r  <hidden>
    F4                                                0.000     0.000 r  CLK
                         net (fo=0)                   0.000     0.000    CLK
    F4                   IBUF (Prop_ibuf_I_O)         0.248     0.248 r  CLK_IBUF_inst/O
                         net (fo=1, routed)           0.631     0.879    CLK_IBUF
    BUFGCTRL_X0Y16       BUFG (Prop_bufg_I_O)         0.026     0.905 r  CLK_IBUF_BUFG_inst/O
                         net (fo=37, routed)          0.594     1.499    CLK_IBUF_BUFG
    SLICE_X2Y37          FDRE                                         r  r_state_v1_reg[0]/C
  -------------------------------------------------------------------    -------------------
    SLICE_X2Y37          FDRE (Prop_fdre_C_Q)         0.164     1.663 r  r_state_v1_reg[0]/Q
                         net (fo=36, routed)          0.185     1.848    r_state_v1_reg_n_0_[0]
    SLICE_X2Y36          LUT2 (Prop_lut2_I0_O)        0.045     1.893 r  r_pslverr_i_1/O
                         net (fo=2, routed)           0.000     1.893    r_pslverr_i_1_n_0
    SLICE_X2Y36          FDRE                                         r  r_pslverr_reg/D
  -------------------------------------------------------------------    -------------------

                         (clock clk rise edge)        0.000     0.000 r  <hidden>
    F4                                                0.000     0.000 r  CLK
                         net (fo=0)                   0.000     0.000    CLK
    F4                   IBUF (Prop_ibuf_I_O)         0.436     0.436 r  CLK_IBUF_inst/O
                         net (fo=1, routed)           0.685     1.121    CLK_IBUF
    BUFGCTRL_X0Y16       BUFG (Prop_bufg_I_O)         0.029     1.150 r  CLK_IBUF_BUFG_inst/O
                         net (fo=37, routed)          0.863     2.012    CLK_IBUF_BUFG
    SLICE_X2Y36          FDRE                                         r  r_pslverr_reg/C
                         clock pessimism             -0.499     1.513    <hidden>
    SLICE_X2Y36          FDRE (Hold_fdre_C_D)         0.120     1.633    r_pslverr_reg
  -------------------------------------------------------------------
                         required time                         -1.633    <hidden>
                         arrival time                           1.893    <hidden>
  -------------------------------------------------------------------
                         slack                                  0.260    <hidden>





Pulse Width Checks
--------------------------------------------------------------------------------------
Clock Name:         clk
Waveform(ns):       { 0.000 5.000 }
Period(ns):         10.000
Sources:            { CLK }

Check Type        Corner  Lib Pin  Reference Pin  Required(ns)  Actual(ns)  Slack(ns)  Location        Pin
Min Period        n/a     BUFG/I   n/a            2.155         10.000      7.845      BUFGCTRL_X0Y16  CLK_IBUF_BUFG_inst/I
Low Pulse Width   Slow    FDRE/C   n/a            0.500         5.000       4.500      SLICE_X2Y35     r_prdata_reg[0]/C
High Pulse Width  Slow    FDRE/C   n/a            0.500         5.000       4.500      SLICE_X2Y35     r_prdata_reg[0]/C



